Component: ARM Compiler 5.05 update 2 (build 169) Tool: armlink [4d0f33]

==============================================================================

Section Cross References

    led.o(i.LED_Init) refers to stm32f10x_rcc.o(i.RCC_APB2PeriphClockCmd) for RCC_APB2PeriphClockCmd
    led.o(i.LED_Init) refers to stm32f10x_gpio.o(i.GPIO_Init) for GPIO_Init
    led.o(i.LED_Init) refers to stm32f10x_gpio.o(i.GPIO_SetBits) for GPIO_SetBits
    main.o(i.anolyses_Commend) refers to printfa.o(i.__0printf) for __2printf
    main.o(i.anolyses_Commend) refers to ff.o(i.f_open) for f_open
    main.o(i.anolyses_Commend) refers to ff.o(i.f_stat) for f_stat
    main.o(i.anolyses_Commend) refers to ff.o(i.f_lseek) for f_lseek
    main.o(i.anolyses_Commend) refers to ff.o(i.f_puts) for f_puts
    main.o(i.anolyses_Commend) refers to ff.o(i.f_close) for f_close
    main.o(i.anolyses_Commend) refers to ff.o(i.f_read) for f_read
    main.o(i.anolyses_Commend) refers to ff.o(i.f_mount) for f_mount
    main.o(i.anolyses_Commend) refers to main.o(.data) for finish_flag
    main.o(i.anolyses_Commend) refers to main.o(.bss) for fnew
    main.o(i.file_System_Init) refers to printfa.o(i.__0printf) for __2printf
    main.o(i.file_System_Init) refers to ff.o(i.f_mount) for f_mount
    main.o(i.file_System_Init) refers to ff.o(i.f_mkfs) for f_mkfs
    main.o(i.file_System_Init) refers to main.o(.bss) for fs
    main.o(i.file_System_Init) refers to main.o(.data) for res_flash
    main.o(i.main) refers to cooker.o(i.Cooker_Init) for Cooker_Init
    main.o(i.main) refers to motor.o(i.GPIO_MOTOR_INT) for GPIO_MOTOR_INT
    main.o(i.main) refers to bluetooth.o(i.USART1_Bluetooth_Init) for USART1_Bluetooth_Init
    main.o(i.main) refers to main.o(i.file_System_Init) for file_System_Init
    main.o(i.main) refers to can.o(i.CAN_Mode_Init) for CAN_Mode_Init
    main.o(i.main) refers to jidianqi.o(i.jiDianQi_Init) for jiDianQi_Init
    main.o(i.main) refers to encoder.o(i.Encode_Encoder_Init) for Encode_Encoder_Init
    main.o(i.main) refers to system.o(i.timers_init) for timers_init
    main.o(i.main) refers to cooker.o(i.MAX6675_init) for MAX6675_init
    main.o(i.main) refers to jidianqi.o(i.turn_Ji) for turn_Ji
    main.o(i.main) refers to cooker.o(i.induction_cooker_contro) for induction_cooker_contro
    main.o(i.main) refers to motor.o(i.motor_revolve) for motor_revolve
    motor.o(i.GPIO_MOTOR_INT) refers to stm32f10x_rcc.o(i.RCC_APB2PeriphClockCmd) for RCC_APB2PeriphClockCmd
    motor.o(i.GPIO_MOTOR_INT) refers to stm32f10x_rcc.o(i.RCC_APB1PeriphClockCmd) for RCC_APB1PeriphClockCmd
    motor.o(i.GPIO_MOTOR_INT) refers to stm32f10x_gpio.o(i.GPIO_Init) for GPIO_Init
    motor.o(i.GPIO_MOTOR_INT) refers to stm32f10x_gpio.o(i.GPIO_PinRemapConfig) for GPIO_PinRemapConfig
    motor.o(i.GPIO_MOTOR_INT) refers to stm32f10x_tim.o(i.TIM_TimeBaseInit) for TIM_TimeBaseInit
    motor.o(i.GPIO_MOTOR_INT) refers to stm32f10x_tim.o(i.TIM_OC1Init) for TIM_OC1Init
    motor.o(i.GPIO_MOTOR_INT) refers to stm32f10x_tim.o(i.TIM_OC2Init) for TIM_OC2Init
    motor.o(i.GPIO_MOTOR_INT) refers to stm32f10x_tim.o(i.TIM_OC1PreloadConfig) for TIM_OC1PreloadConfig
    motor.o(i.GPIO_MOTOR_INT) refers to stm32f10x_tim.o(i.TIM_OC2PreloadConfig) for TIM_OC2PreloadConfig
    motor.o(i.GPIO_MOTOR_INT) refers to stm32f10x_tim.o(i.TIM_ARRPreloadConfig) for TIM_ARRPreloadConfig
    motor.o(i.GPIO_MOTOR_INT) refers to stm32f10x_tim.o(i.TIM_Cmd) for TIM_Cmd
    motor.o(i.GPIO_MOTOR_INT) refers to stm32f10x_tim.o(i.TIM_SetCompare1) for TIM_SetCompare1
    motor.o(i.GPIO_MOTOR_INT) refers to stm32f10x_tim.o(i.TIM_SetCompare2) for TIM_SetCompare2
    motor.o(i.motor_flue) refers to stm32f10x_gpio.o(i.GPIO_SetBits) for GPIO_SetBits
    motor.o(i.motor_revolve) refers to fmul.o(.text) for __aeabi_fmul
    motor.o(i.motor_revolve) refers to ffixui.o(.text) for __aeabi_f2uiz
    motor.o(i.motor_revolve) refers to stm32f10x_tim.o(i.TIM_SetAutoreload) for TIM_SetAutoreload
    motor.o(i.motor_revolve) refers to stm32f10x_tim.o(i.TIM_SetCounter) for TIM_SetCounter
    motor.o(i.motor_revolve) refers to encoder.o(i.Read_Encoder1) for Read_Encoder1
    motor.o(i.motor_revolve) refers to printfa.o(i.__0printf) for __2printf
    motor.o(i.motor_revolve) refers to system.o(i.timer1) for timer1
    motor.o(i.motor_revolve) refers to system.o(i.timer2) for timer2
    motor.o(i.motor_revolve) refers to motor.o(i.motor_rotate_zheng) for motor_rotate_zheng
    motor.o(i.motor_revolve) refers to motor.o(i.motor_rotate_fan) for motor_rotate_fan
    motor.o(i.motor_revolve) refers to motor.o(.data) for count
    motor.o(i.motor_rotate_fan) refers to stm32f10x_gpio.o(i.GPIO_SetBits) for GPIO_SetBits
    motor.o(i.motor_rotate_fan) refers to stm32f10x_gpio.o(i.GPIO_ResetBits) for GPIO_ResetBits
    motor.o(i.motor_rotate_fan) refers to stm32f10x_tim.o(i.TIM_SetCompare1) for TIM_SetCompare1
    motor.o(i.motor_rotate_fan) refers to stm32f10x_tim.o(i.TIM_SetCompare2) for TIM_SetCompare2
[...]
    Removing misc.o(i.SysTick_CLKSourceConfig), (40 bytes).
    Removing stm32f10x_adc.o(i.ADC_AnalogWatchdogCmd), (20 bytes).
    Removing stm32f10x_adc.o(i.ADC_AnalogWatchdogSingleChannelConfig), (16 bytes).
    Removing stm32f10x_adc.o(i.ADC_AnalogWatchdogThresholdsConfig), (6 bytes).
    Removing stm32f10x_adc.o(i.ADC_AutoInjectedConvCmd), (22 bytes).
    Removing stm32f10x_adc.o(i.ADC_ClearFlag), (6 bytes).
    Removing stm32f10x_adc.o(i.ADC_ClearITPendingBit), (10 bytes).
    Removing stm32f10x_adc.o(i.ADC_Cmd), (22 bytes).
    Removing stm32f10x_adc.o(i.ADC_DMACmd), (22 bytes).
    Removing stm32f10x_adc.o(i.ADC_DeInit), (92 bytes).
    Removing stm32f10x_adc.o(i.ADC_DiscModeChannelCountConfig), (24 bytes).
    Removing stm32f10x_adc.o(i.ADC_DiscModeCmd), (22 bytes).
    Removing stm32f10x_adc.o(i.ADC_ExternalTrigConvCmd), (22 bytes).
    Removing stm32f10x_adc.o(i.ADC_ExternalTrigInjectedConvCmd), (22 bytes).
    Removing stm32f10x_adc.o(i.ADC_ExternalTrigInjectedConvConfig), (16 bytes).
    Removing stm32f10x_adc.o(i.ADC_GetCalibrationStatus), (20 bytes).
    Removing stm32f10x_adc.o(i.ADC_GetConversionValue), (8 bytes).
    Removing stm32f10x_adc.o(i.ADC_GetDualModeConversionValue), (12 bytes).
    Removing stm32f10x_adc.o(i.ADC_GetFlagStatus), (18 bytes).
    Removing stm32f10x_adc.o(i.ADC_GetITStatus), (36 bytes).
    Removing stm32f10x_adc.o(i.ADC_GetInjectedConversionValue), (28 bytes).
    Removing stm32f10x_adc.o(i.ADC_GetResetCalibrationStatus), (20 bytes).
    Removing stm32f10x_adc.o(i.ADC_GetSoftwareStartConvStatus), (20 bytes).
    Removing stm32f10x_adc.o(i.ADC_GetSoftwareStartInjectedConvCmdStatus), (20 bytes).
    Removing stm32f10x_adc.o(i.ADC_ITConfig), (24 bytes).
    Removing stm32f10x_adc.o(i.ADC_Init), (80 bytes).
    Removing stm32f10x_adc.o(i.ADC_InjectedChannelConfig), (130 bytes).
    Removing stm32f10x_adc.o(i.ADC_InjectedDiscModeCmd), (22 bytes).
    Removing stm32f10x_adc.o(i.ADC_InjectedSequencerLengthConfig), (24 bytes).
    Removing stm32f10x_adc.o(i.ADC_RegularChannelConfig), (184 bytes).
    Removing stm32f10x_adc.o(i.ADC_ResetCalibration), (10 bytes).
    Removing stm32f10x_adc.o(i.ADC_SetInjectedOffset), (20 bytes).
    Removing stm32f10x_adc.o(i.ADC_SoftwareStartConvCmd), (22 bytes).
    Removing stm32f10x_adc.o(i.ADC_SoftwareStartInjectedConvCmd), (22 bytes).
    Removing stm32f10x_adc.o(i.ADC_StartCalibration), (10 bytes).
    Removing stm32f10x_adc.o(i.ADC_StructInit), (18 bytes).
    Removing stm32f10x_adc.o(i.ADC_TempSensorVrefintCmd), (36 bytes).
    Removing stm32f10x_can.o(i.CAN_CancelTransmit), (48 bytes).
    Removing stm32f10x_can.o(i.CAN_ClearFlag), (56 bytes).
    Removing stm32f10x_can.o(i.CAN_ClearITPendingBit), (168 bytes).
    Removing stm32f10x_can.o(i.CAN_DBGFreeze), (22 bytes).
    Removing stm32f10x_can.o(i.CAN_DeInit), (56 bytes).
    Removing stm32f10x_can.o(i.CAN_FIFORelease), (22 bytes).
    Removing stm32f10x_can.o(i.CAN_GetFlagStatus), (120 bytes).
    Removing stm32f10x_can.o(i.CAN_GetITStatus), (288 bytes).
    Removing stm32f10x_can.o(i.CAN_GetLSBTransmitErrorCounter), (12 bytes).
    Removing stm32f10x_can.o(i.CAN_GetLastErrorCode), (12 bytes).
    Removing stm32f10x_can.o(i.CAN_GetReceiveErrorCounter), (10 bytes).
    Removing stm32f10x_can.o(i.CAN_ITConfig), (18 bytes).
    Removing stm32f10x_can.o(i.CAN_MessagePending), (30 bytes).
    Removing stm32f10x_can.o(i.CAN_OperatingModeRequest), (162 bytes).
    Removing stm32f10x_can.o(i.CAN_Receive), (240 bytes).
    Removing stm32f10x_can.o(i.CAN_SlaveStartBank), (52 bytes).
    Removing stm32f10x_can.o(i.CAN_Sleep), (30 bytes).
    Removing stm32f10x_can.o(i.CAN_StructInit), (32 bytes).
    Removing stm32f10x_can.o(i.CAN_TTComModeCmd), (118 bytes).
    Removing stm32f10x_can.o(i.CAN_Transmit), (294 bytes).
    Removing stm32f10x_can.o(i.CAN_TransmitStatus), (160 bytes).
    Removing stm32f10x_can.o(i.CAN_WakeUp), (48 bytes).
    Removing stm32f10x_can.o(i.CheckITStatus), (18 bytes).
    Removing stm32f10x_cec.o(i.CEC_ClearFlag), (36 bytes).
    Removing stm32f10x_cec.o(i.CEC_ClearITPendingBit), (36 bytes).
    Removing stm32f10x_cec.o(i.CEC_Cmd), (32 bytes).
    Removing stm32f10x_cec.o(i.CEC_DeInit), (22 bytes).
    Removing stm32f10x_cec.o(i.CEC_EndOfMessageCmd), (12 bytes).
    Removing stm32f10x_cec.o(i.CEC_GetFlagStatus), (48 bytes).
    Removing stm32f10x_cec.o(i.CEC_GetITStatus), (40 bytes).
    Removing stm32f10x_cec.o(i.CEC_ITConfig), (12 bytes).
    Removing stm32f10x_cec.o(i.CEC_Init), (32 bytes).
    Removing stm32f10x_cec.o(i.CEC_OwnAddressConfig), (12 bytes).
    Removing stm32f10x_cec.o(i.CEC_ReceiveDataByte), (12 bytes).
    Removing stm32f10x_cec.o(i.CEC_SendDataByte), (12 bytes).
    Removing stm32f10x_cec.o(i.CEC_SetPrescaler), (12 bytes).
    Removing stm32f10x_cec.o(i.CEC_StartOfMessage), (12 bytes).
    Removing stm32f10x_crc.o(i.CRC_CalcBlockCRC), (36 bytes).
    Removing stm32f10x_crc.o(i.CRC_CalcCRC), (16 bytes).
    Removing stm32f10x_crc.o(i.CRC_GetCRC), (12 bytes).
    Removing stm32f10x_crc.o(i.CRC_GetIDRegister), (12 bytes).
    Removing stm32f10x_crc.o(i.CRC_ResetDR), (12 bytes).
    Removing stm32f10x_crc.o(i.CRC_SetIDRegister), (12 bytes).
    Removing stm32f10x_exti.o(i.EXTI_ClearFlag), (12 bytes).
    Removing stm32f10x_exti.o(i.EXTI_ClearITPendingBit), (12 bytes).
    Removing stm32f10x_exti.o(i.EXTI_DeInit), (36 bytes).
    Removing stm32f10x_exti.o(i.EXTI_GenerateSWInterrupt), (16 bytes).
    Removing stm32f10x_exti.o(i.EXTI_GetFlagStatus), (24 bytes).
    Removing stm32f10x_exti.o(i.EXTI_GetITStatus), (40 bytes).
    Removing stm32f10x_exti.o(i.EXTI_Init), (148 bytes).
    Removing stm32f10x_exti.o(i.EXTI_StructInit), (16 bytes).
    Removing stm32f10x_gpio.o(i.GPIO_AFIODeInit), (20 bytes).
    Removing stm32f10x_gpio.o(i.GPIO_DeInit), (200 bytes).
    Removing stm32f10x_gpio.o(i.GPIO_ETH_MediaInterfaceConfig), (12 bytes).
    Removing stm32f10x_gpio.o(i.GPIO_EXTILineConfig), (64 bytes).
    Removing stm32f10x_gpio.o(i.GPIO_EventOutputCmd), (12 bytes).
    Removing stm32f10x_gpio.o(i.GPIO_EventOutputConfig), (32 bytes).
    Removing stm32f10x_gpio.o(i.GPIO_PinLockConfig), (18 bytes).
    Removing stm32f10x_gpio.o(i.GPIO_ReadInputData), (8 bytes).
    Removing stm32f10x_gpio.o(i.GPIO_ReadInputDataBit), (18 bytes).
    Removing stm32f10x_gpio.o(i.GPIO_ReadOutputData), (8 bytes).
    Removing stm32f10x_gpio.o(i.GPIO_ReadOutputDataBit), (18 bytes).
    Removing stm32f10x_gpio.o(i.GPIO_StructInit), (16 bytes).
    Removing stm32f10x_gpio.o(i.GPIO_Write), (4 bytes).
    Removing stm32f10x_gpio.o(i.GPIO_WriteBit), (10 bytes).
    Removing stm32f10x_rcc.o(i.RCC_ADCCLKConfig), (24 bytes).
    Removing stm32f10x_rcc.o(i.RCC_AHBPeriphClockCmd), (32 bytes).
    Removing stm32f10x_rcc.o(i.RCC_APB1PeriphResetCmd), (32 bytes).
    Removing stm32f10x_rcc.o(i.RCC_APB2PeriphResetCmd), (32 bytes).
    Removing stm32f10x_rcc.o(i.RCC_AdjustHSICalibrationValue), (24 bytes).
    Removing stm32f10x_rcc.o(i.RCC_BackupResetCmd), (12 bytes).
    Removing stm32f10x_rcc.o(i.RCC_ClearFlag), (20 bytes).
    Removing stm32f10x_rcc.o(i.RCC_ClearITPendingBit), (12 bytes).
    Removing stm32f10x_rcc.o(i.RCC_ClockSecuritySystemCmd), (12 bytes).
    Removing stm32f10x_rcc.o(i.RCC_DeInit), (76 bytes).
    Removing stm32f10x_rcc.o(i.RCC_GetFlagStatus), (60 bytes).
    Removing stm32f10x_rcc.o(i.RCC_GetITStatus), (24 bytes).
    Removing stm32f10x_rcc.o(i.RCC_GetSYSCLKSource), (16 bytes).
    Removing stm32f10x_rcc.o(i.RCC_HCLKConfig), (24 bytes).
    Removing stm32f10x_rcc.o(i.RCC_HSEConfig), (76 bytes).
    Removing stm32f10x_rcc.o(i.RCC_HSICmd), (12 bytes).
    Removing stm32f10x_rcc.o(i.RCC_ITConfig), (32 bytes).
    Removing stm32f10x_rcc.o(i.RCC_LSEConfig), (52 bytes).
    Removing stm32f10x_rcc.o(i.RCC_LSICmd), (12 bytes).
    Removing stm32f10x_rcc.o(i.RCC_MCOConfig), (12 bytes).
    Removing stm32f10x_rcc.o(i.RCC_PCLK1Config), (24 bytes).
    Removing stm32f10x_rcc.o(i.RCC_PCLK2Config), (24 bytes).
    Removing stm32f10x_rcc.o(i.RCC_PLLCmd), (12 bytes).
    Removing stm32f10x_rcc.o(i.RCC_PLLConfig), (28 bytes).
    Removing stm32f10x_rcc.o(i.RCC_RTCCLKCmd), (12 bytes).
    Removing stm32f10x_rcc.o(i.RCC_RTCCLKConfig), (16 bytes).
    Removing stm32f10x_rcc.o(i.RCC_SYSCLKConfig), (24 bytes).
    Removing stm32f10x_rcc.o(i.RCC_USBCLKConfig), (12 bytes).
    Removing stm32f10x_rcc.o(i.RCC_WaitForHSEStartUp), (56 bytes).
    Removing stm32f10x_rtc.o(i.RTC_ClearFlag), (16 bytes).
    Removing stm32f10x_rtc.o(i.RTC_ClearITPendingBit), (16 bytes).
    Removing stm32f10x_rtc.o(i.RTC_EnterConfigMode), (20 bytes).
    Removing stm32f10x_rtc.o(i.RTC_ExitConfigMode), (20 bytes).
    Removing stm32f10x_rtc.o(i.RTC_GetCounter), (20 bytes).
    Removing stm32f10x_rtc.o(i.RTC_GetDivider), (24 bytes).
    Removing stm32f10x_rtc.o(i.RTC_GetFlagStatus), (24 bytes).
    Removing stm32f10x_rtc.o(i.RTC_GetITStatus), (36 bytes).
    Removing stm32f10x_rtc.o(i.RTC_ITConfig), (32 bytes).
    Removing stm32f10x_rtc.o(i.RTC_SetAlarm), (28 bytes).
    Removing stm32f10x_rtc.o(i.RTC_SetCounter), (28 bytes).
    Removing stm32f10x_rtc.o(i.RTC_SetPrescaler), (32 bytes).
    Removing stm32f10x_rtc.o(i.RTC_WaitForLastTask), (20 bytes).
    Removing stm32f10x_rtc.o(i.RTC_WaitForSynchro), (36 bytes).
    Removing stm32f10x_spi.o(i.I2S_Cmd), (24 bytes).
    Removing stm32f10x_spi.o(i.I2S_Init), (232 bytes).
    Removing stm32f10x_spi.o(i.I2S_StructInit), (20 bytes).
    Removing stm32f10x_spi.o(i.SPI_BiDirectionalLineConfig), (28 bytes).
    Removing stm32f10x_spi.o(i.SPI_CalculateCRC), (24 bytes).
    Removing stm32f10x_spi.o(i.SPI_DataSizeConfig), (18 bytes).
    Removing stm32f10x_spi.o(i.SPI_GetCRC), (16 bytes).
    Removing stm32f10x_spi.o(i.SPI_GetCRCPolynomial), (6 bytes).
    Removing stm32f10x_spi.o(i.SPI_I2S_ClearFlag), (6 bytes).
    Removing stm32f10x_spi.o(i.SPI_I2S_ClearITPendingBit), (20 bytes).
    Removing stm32f10x_spi.o(i.SPI_I2S_DMACmd), (18 bytes).
    Removing stm32f10x_spi.o(i.SPI_I2S_DeInit), (88 bytes).
    Removing stm32f10x_spi.o(i.SPI_I2S_GetITStatus), (52 bytes).
    Removing stm32f10x_spi.o(i.SPI_I2S_ITConfig), (32 bytes).
    Removing stm32f10x_spi.o(i.SPI_NSSInternalSoftwareConfig), (30 bytes).
    Removing stm32f10x_spi.o(i.SPI_SSOutputCmd), (24 bytes).
    Removing stm32f10x_spi.o(i.SPI_StructInit), (24 bytes).
    Removing stm32f10x_spi.o(i.SPI_TransmitCRC), (10 bytes).
    Removing stm32f10x_tim.o(i.TIM_BDTRConfig), (32 bytes).
    Removing stm32f10x_tim.o(i.TIM_BDTRStructInit), (18 bytes).
    Removing stm32f10x_tim.o(i.TIM_CCPreloadControl), (24 bytes).
    Removing stm32f10x_tim.o(i.TIM_CCxCmd), (30 bytes).
    Removing stm32f10x_tim.o(i.TIM_CCxNCmd), (30 bytes).
    Removing stm32f10x_tim.o(i.TIM_ClearOC1Ref), (18 bytes).
    Removing stm32f10x_tim.o(i.TIM_ClearOC2Ref), (24 bytes).
    Removing stm32f10x_tim.o(i.TIM_ClearOC3Ref), (18 bytes).
    Removing stm32f10x_tim.o(i.TIM_ClearOC4Ref), (24 bytes).
    Removing stm32f10x_tim.o(i.TIM_CounterModeConfig), (18 bytes).
    Removing stm32f10x_tim.o(i.TIM_CtrlPWMOutputs), (30 bytes).
    Removing stm32f10x_tim.o(i.TIM_DMACmd), (18 bytes).
    Removing stm32f10x_tim.o(i.TIM_DMAConfig), (10 bytes).
    Removing stm32f10x_tim.o(i.TIM_DeInit), (488 bytes).
    Removing stm32f10x_tim.o(i.TIM_ETRClockMode1Config), (54 bytes).
    Removing stm32f10x_tim.o(i.TIM_ETRClockMode2Config), (32 bytes).
    Removing stm32f10x_tim.o(i.TIM_ETRConfig), (28 bytes).
    Removing stm32f10x_tim.o(i.TIM_ForcedOC1Config), (18 bytes).
    Removing stm32f10x_tim.o(i.TIM_ForcedOC2Config), (26 bytes).
    Removing stm32f10x_tim.o(i.TIM_ForcedOC3Config), (18 bytes).
    Removing stm32f10x_tim.o(i.TIM_ForcedOC4Config), (26 bytes).
    Removing stm32f10x_tim.o(i.TIM_GenerateEvent), (4 bytes).
    Removing stm32f10x_tim.o(i.TIM_GetCapture1), (6 bytes).
    Removing stm32f10x_tim.o(i.TIM_GetCapture2), (6 bytes).
    Removing stm32f10x_tim.o(i.TIM_GetCapture3), (6 bytes).
    Removing stm32f10x_tim.o(i.TIM_GetCapture4), (8 bytes).
    Removing stm32f10x_tim.o(i.TIM_GetCounter), (6 bytes).
    Removing stm32f10x_tim.o(i.TIM_GetFlagStatus), (18 bytes).
    Removing stm32f10x_tim.o(i.TIM_GetPrescaler), (6 bytes).
    Removing stm32f10x_tim.o(i.TIM_ITRxExternalClockConfig), (24 bytes).
    Removing stm32f10x_tim.o(i.TIM_InternalClockConfig), (12 bytes).
    Removing stm32f10x_tim.o(i.TIM_OC1FastConfig), (18 bytes).
    Removing stm32f10x_tim.o(i.TIM_OC1NPolarityConfig), (18 bytes).
    Removing stm32f10x_tim.o(i.TIM_OC1PolarityConfig), (18 bytes).
    Removing stm32f10x_tim.o(i.TIM_OC2FastConfig), (26 bytes).
    Removing stm32f10x_tim.o(i.TIM_OC2NPolarityConfig), (26 bytes).
    Removing stm32f10x_tim.o(i.TIM_OC2PolarityConfig), (26 bytes).
    Removing stm32f10x_tim.o(i.TIM_OC3FastConfig), (18 bytes).
    Removing stm32f10x_tim.o(i.TIM_OC3NPolarityConfig), (26 bytes).
    Removing stm32f10x_tim.o(i.TIM_OC3PolarityConfig), (26 bytes).
    Removing stm32f10x_tim.o(i.TIM_OC4FastConfig), (26 bytes).
    Removing stm32f10x_tim.o(i.TIM_OC4Init), (124 bytes).
    Removing stm32f10x_tim.o(i.TIM_OC4PolarityConfig), (26 bytes).
    Removing stm32f10x_tim.o(i.TIM_OC4PreloadConfig), (26 bytes).
    Removing stm32f10x_tim.o(i.TIM_OCStructInit), (20 bytes).
    Removing stm32f10x_tim.o(i.TIM_PWMIConfig), (124 bytes).
    Removing stm32f10x_tim.o(i.TIM_PrescalerConfig), (6 bytes).
    Removing stm32f10x_tim.o(i.TIM_SelectCCDMA), (24 bytes).
    Removing stm32f10x_tim.o(i.TIM_SelectCOM), (24 bytes).
    Removing stm32f10x_tim.o(i.TIM_SelectHallSensor), (24 bytes).
    Removing stm32f10x_tim.o(i.TIM_SelectInputTrigger), (18 bytes).
    Removing stm32f10x_tim.o(i.TIM_SelectMasterSlaveMode), (18 bytes).
    Removing stm32f10x_tim.o(i.TIM_SelectOCxM), (82 bytes).
    Removing stm32f10x_tim.o(i.TIM_SelectOnePulseMode), (18 bytes).
    Removing stm32f10x_tim.o(i.TIM_SelectOutputTrigger), (18 bytes).
    Removing stm32f10x_tim.o(i.TIM_SelectSlaveMode), (18 bytes).
    Removing stm32f10x_tim.o(i.TIM_SetClockDivision), (18 bytes).
    Removing stm32f10x_tim.o(i.TIM_SetCompare4), (6 bytes).
    Removing stm32f10x_tim.o(i.TIM_TIxExternalClockConfig), (62 bytes).
    Removing stm32f10x_tim.o(i.TIM_UpdateDisableConfig), (24 bytes).
    Removing stm32f10x_tim.o(i.TIM_UpdateRequestConfig), (24 bytes).
    Removing stm32f10x_usart.o(i.USART_ClearITPendingBit), (30 bytes).
    Removing stm32f10x_usart.o(i.USART_ClockInit), (34 bytes).
    Removing stm32f10x_usart.o(i.USART_ClockStructInit), (12 bytes).
    Removing stm32f10x_usart.o(i.USART_DMACmd), (18 bytes).
    Removing stm32f10x_usart.o(i.USART_DeInit), (156 bytes).
    Removing stm32f10x_usart.o(i.USART_HalfDuplexCmd), (24 bytes).
    Removing stm32f10x_usart.o(i.USART_IrDACmd), (24 bytes).
    Removing stm32f10x_usart.o(i.USART_IrDAConfig), (18 bytes).
    Removing stm32f10x_usart.o(i.USART_LINBreakDetectLengthConfig), (18 bytes).
    Removing stm32f10x_usart.o(i.USART_LINCmd), (24 bytes).
    Removing stm32f10x_usart.o(i.USART_OneBitMethodCmd), (24 bytes).
    Removing stm32f10x_usart.o(i.USART_OverSampling8Cmd), (22 bytes).
    Removing stm32f10x_usart.o(i.USART_ReceiverWakeUpCmd), (24 bytes).
    Removing stm32f10x_usart.o(i.USART_SendBreak), (10 bytes).
    Removing stm32f10x_usart.o(i.USART_SetAddress), (18 bytes).
    Removing stm32f10x_usart.o(i.USART_SetGuardTime), (16 bytes).
    Removing stm32f10x_usart.o(i.USART_SetPrescaler), (16 bytes).
    Removing stm32f10x_usart.o(i.USART_SmartCardCmd), (24 bytes).
    Removing stm32f10x_usart.o(i.USART_SmartCardNACKCmd), (24 bytes).
    Removing stm32f10x_usart.o(i.USART_StructInit), (24 bytes).
    Removing stm32f10x_usart.o(i.USART_WakeUpConfig), (18 bytes).
    Removing ff.o(i.chk_chr), (20 bytes).
    Removing ff.o(i.clust2sect), (26 bytes).
    Removing ff.o(i.cmp_lfn), (160 bytes).
    Removing ff.o(i.create_chain), (214 bytes).
    Removing ff.o(i.create_name), (624 bytes).
    Removing ff.o(i.dir_alloc), (92 bytes).
    Removing ff.o(i.dir_find), (234 bytes).
    Removing ff.o(i.dir_next), (314 bytes).
    Removing ff.o(i.dir_read), (198 bytes).
    Removing ff.o(i.dir_register), (298 bytes).
    Removing ff.o(i.dir_remove), (106 bytes).
    Removing ff.o(i.dir_sdi), (200 bytes).
    Removing ff.o(i.f_chmod), (92 bytes).
    Removing ff.o(i.f_close), (32 bytes).
    Removing ff.o(i.f_closedir), (22 bytes).
    Removing ff.o(i.f_getfree), (258 bytes).
    Removing ff.o(i.f_gets), (82 bytes).
    Removing ff.o(i.f_lseek), (410 bytes).
    Removing ff.o(i.f_mkdir), (358 bytes).
    Removing ff.o(i.f_open), (382 bytes).
    Removing ff.o(i.f_opendir), (118 bytes).
    Removing ff.o(i.f_printf), (628 bytes).
    Removing ff.o(i.f_putc), (64 bytes).
    Removing ff.o(i.f_puts), (74 bytes).
    Removing ff.o(i.f_read), (464 bytes).
    Removing ff.o(i.f_readdir), (100 bytes).
    Removing ff.o(i.f_rename), (266 bytes).
    Removing ff.o(i.f_stat), (68 bytes).
    Removing ff.o(i.f_sync), (176 bytes).
    Removing ff.o(i.f_truncate), (184 bytes).
    Removing ff.o(i.f_unlink), (174 bytes).
    Removing ff.o(i.f_utime), (94 bytes).
    Removing ff.o(i.f_write), (524 bytes).
    Removing ff.o(i.fit_lfn), (128 bytes).
    Removing ff.o(i.follow_path), (144 bytes).
    Removing ff.o(i.gen_numname), (204 bytes).
    Removing ff.o(i.get_fat), (318 bytes).
    Removing ff.o(i.get_fileinfo), (272 bytes).
    Removing ff.o(i.ld_clust), (32 bytes).
    Removing ff.o(i.mem_cmp), (38 bytes).
    Removing ff.o(i.pick_lfn), (128 bytes).
    Removing ff.o(i.put_fat), (392 bytes).
    Removing ff.o(i.putc_bfd), (68 bytes).
    Removing ff.o(i.remove_chain), (108 bytes).
    Removing ff.o(i.st_clust), (16 bytes).
    Removing ff.o(i.sum_sfn), (32 bytes).
    Removing ff.o(i.sync_fs), (200 bytes).
    Removing ff.o(i.validate), (50 bytes).
    Removing cc936.o(i.ff_convert), (124 bytes).
    Removing cc936.o(i.ff_wtoupper), (92 bytes).
    Removing cc936.o(.constdata), (176320 bytes).
    Removing ffltui.o(.text), (10 bytes).
    Removing dfltui.o(.text), (26 bytes).
    Removing f2d.o(.text), (38 bytes).
    Removing d2f.o(.text), (56 bytes).
    Removing fepilogue.o(.text), (110 bytes).

329 unused section(s) (total 198250 bytes) removed from the image.

==============================================================================

Image Symbol Table

    Local Symbols

    Symbol Name                              Value     Ov Type        Size  Object(Section)

    ../clib/microlib/division.c              0x00000000   Number         0  uldiv.o ABSOLUTE
    ../clib/microlib/division.c              0x00000000   Number         0  uidiv.o ABSOLUTE
    ../clib/microlib/init/entry.s            0x00000000   Number         0  entry7a.o ABSOLUTE
    ../clib/microlib/init/entry.s            0x00000000   Number         0  entry8b.o ABSOLUTE
    ../clib/microlib/init/entry.s            0x00000000   Number         0  entry9b.o ABSOLUTE
    ../clib/microlib/init/entry.s            0x00000000   Number         0  entry5.o ABSOLUTE
    ../clib/microlib/init/entry.s            0x00000000   Number         0  entry2.o ABSOLUTE
    ../clib/microlib/init/entry.s            0x00000000   Number         0  entry10a.o ABSOLUTE
    ../clib/microlib/init/entry.s            0x00000000   Number         0  entry.o ABSOLUTE
    ../clib/microlib/init/entry.s            0x00000000   Number         0  entry9a.o ABSOLUTE
    ../clib/microlib/init/entry.s            0x00000000   Number         0  entry7b.o ABSOLUTE
    ../clib/microlib/init/entry.s            0x00000000   Number         0  entry8a.o ABSOLUTE
    ../clib/microlib/init/entry.s            0x00000000   Number         0  entry11b.o ABSOLUTE
    ../clib/microlib/init/entry.s            0x00000000   Number         0  entry10b.o ABSOLUTE
    ../clib/microlib/init/entry.s            0x00000000   Number         0  entry11a.o ABSOLUTE
    ../clib/microlib/longlong.c              0x00000000   Number         0  llsshr.o ABSOLUTE
    ../clib/microlib/longlong.c              0x00000000   Number         0  llshl.o ABSOLUTE
    ../clib/microlib/longlong.c              0x00000000   Number         0  llushr.o ABSOLUTE
    ../clib/microlib/printf/printf.c         0x00000000   Number         0  printfb.o ABSOLUTE
    ../clib/microlib/printf/printf.c         0x00000000   Number         0  printf0.o ABSOLUTE
    ../clib/microlib/printf/printf.c         0x00000000   Number         0  printf1.o ABSOLUTE
    ../clib/microlib/printf/printf.c         0x00000000   Number         0  printfa.o ABSOLUTE
    ../clib/microlib/printf/printf.c         0x00000000   Number         0  printf2.o ABSOLUTE
    ../clib/microlib/printf/printf.c         0x00000000   Number         0  printf6.o ABSOLUTE
    ../clib/microlib/printf/printf.c         0x00000000   Number         0  printf3.o ABSOLUTE
    ../clib/microlib/printf/printf.c         0x00000000   Number         0  printf4.o ABSOLUTE
    ../clib/microlib/printf/printf.c         0x00000000   Number         0  printf5.o ABSOLUTE
    ../clib/microlib/printf/printf.c         0x00000000   Number         0  printf7.o ABSOLUTE
    ../clib/microlib/printf/printf.c         0x00000000   Number         0  printf8.o ABSOLUTE
    ../clib/microlib/printf/stubs.s          0x00000000   Number         0  stubs.o ABSOLUTE
    ../clib/microlib/stdio/streams.c         0x00000000   Number         0  stdout.o ABSOLUTE
    ../clib/microlib/stubs.s                 0x00000000   Number         0  iusefp.o ABSOLUTE
    ../fplib/microlib/d2f.c                  0x00000000   Number         0  d2f.o ABSOLUTE
    ../fplib/microlib/f2d.c                  0x00000000   Number         0  f2d.o ABSOLUTE
    ../fplib/microlib/fpadd.c                0x00000000   Number         0  dadd.o ABSOLUTE
    ../fplib/microlib/fpdiv.c                0x00000000   Number         0  ddiv.o ABSOLUTE
    ../fplib/microlib/fpepilogue.c           0x00000000   Number         0  fepilogue.o ABSOLUTE
    ../fplib/microlib/fpepilogue.c           0x00000000   Number         0  depilogue.o ABSOLUTE
    ../fplib/microlib/fpfix.c                0x00000000   Number         0  ffixui.o ABSOLUTE
    ../fplib/microlib/fpfix.c                0x00000000   Number         0  dfixul.o ABSOLUTE
    ../fplib/microlib/fpflt.c                0x00000000   Number         0  dfltui.o ABSOLUTE
    ../fplib/microlib/fpflt.c                0x00000000   Number         0  ffltui.o ABSOLUTE
    ../fplib/microlib/fpmul.c                0x00000000   Number         0  dmul.o ABSOLUTE
    ../fplib/microlib/fpmul.c                0x00000000   Number         0  fmul.o ABSOLUTE
    ..\Libraries\CMSIS\core_cm3.c            0x00000000   Number         0  core_cm3.o ABSOLUTE
    ..\Libraries\CMSIS\startup\startup_stm32f10x_hd.s 0x00000000   Number         0  startup_stm32f10x_hd.o ABSOLUTE
    ..\Libraries\CMSIS\system_stm32f10x.c    0x00000000   Number         0  system_stm32f10x.o ABSOLUTE
    ..\Libraries\FWlib\src\misc.c            0x00000000   Number         0  misc.o ABSOLUTE
    ..\Libraries\FWlib\src\stm32f10x_adc.c   0x00000000   Number         0  stm32f10x_adc.o ABSOLUTE
    ..\Libraries\FWlib\src\stm32f10x_can.c   0x00000000   Number         0  stm32f10x_can.o ABSOLUTE
    ..\Libraries\FWlib\src\stm32f10x_cec.c   0x00000000   Number         0  stm32f10x_cec.o ABSOLUTE
    ..\Libraries\FWlib\src\stm32f10x_crc.c   0x00000000   Number         0  stm32f10x_crc.o ABSOLUTE
    ..\Libraries\FWlib\src\stm32f10x_exti.c  0x00000000   Number         0  stm32f10x_exti.o ABSOLUTE
    ..\Libraries\FWlib\src\stm32f10x_gpio.c  0x00000000   Number         0  stm32f10x_gpio.o ABSOLUTE
    ..\Libraries\FWlib\src\stm32f10x_rcc.c   0x00000000   Number         0  stm32f10x_rcc.o ABSOLUTE
    ..\Libraries\FWlib\src\stm32f10x_rtc.c   0x00000000   Number         0  stm32f10x_rtc.o ABSOLUTE
    ..\Libraries\FWlib\src\stm32f10x_spi.c   0x00000000   Number         0  stm32f10x_spi.o ABSOLUTE
    ..\Libraries\FWlib\src\stm32f10x_tim.c   0x00000000   Number         0  stm32f10x_tim.o ABSOLUTE
    ..\Libraries\FWlib\src\stm32f10x_usart.c 0x00000000   Number         0  stm32f10x_usart.o ABSOLUTE
    ..\USER\FATFS\diskio.c                   0x00000000   Number         0  diskio.o ABSOLUTE
    ..\USER\FATFS\ff.c                       0x00000000   Number         0  ff.o ABSOLUTE
    ..\USER\FATFS\option\cc936.c             0x00000000   Number         0  cc936.o ABSOLUTE
    ..\USER\bluetooth.c                      0x00000000   Number         0  bluetooth.o ABSOLUTE
    ..\USER\can.c                            0x00000000   Number         0  can.o ABSOLUTE
    ..\USER\cooker.c                         0x00000000   Number         0  cooker.o ABSOLUTE
    ..\USER\encoder.c                        0x00000000   Number         0  encoder.o ABSOLUTE
    ..\USER\jiDianQi.c                       0x00000000   Number         0  jidianqi.o ABSOLUTE
    ..\USER\led.c                            0x00000000   Number         0  led.o ABSOLUTE
    ..\USER\main.c                           0x00000000   Number         0  main.o ABSOLUTE
    ..\USER\motor.c                          0x00000000   Number         0  motor.o ABSOLUTE
    ..\USER\pwm.c                            0x00000000   Number         0  pwm.o ABSOLUTE
    ..\USER\spi_fat_flash.c                  0x00000000   Number         0  spi_fat_flash.o ABSOLUTE
    ..\USER\system.c                         0x00000000   Number         0  system.o ABSOLUTE
    ..\\Libraries\\CMSIS\\core_cm3.c         0x00000000   Number         0  core_cm3.o ABSOLUTE
    cdrcmple.s                               0x00000000   Number         0  cdrcmple.o ABSOLUTE
    dc.s                                     0x00000000   Number         0  dc.o ABSOLUTE
    handlers.s                               0x00000000   Number         0  handlers.o ABSOLUTE
    init.s                                   0x00000000   Number         0  init.o ABSOLUTE
    RESET                                    0x08000000   Section      304  startup_stm32f10x_hd.o(RESET)
    .ARM.Collect$$$$00000000                 0x08000130   Section        0  entry.o(.ARM.Collect$$$$00000000)
    .ARM.Collect$$$$00000001                 0x08000130   Section        4  entry2.o(.ARM.Collect$$$$00000001)
    .ARM.Collect$$$$00000004                 0x08000134   Section        4  entry5.o(.ARM.Collect$$$$00000004)
    .ARM.Collect$$$$00000008                 0x08000138   Section        0  entry7b.o(.ARM.Collect$$$$00000008)
    .ARM.Collect$$$$0000000A                 0x08000138   Section        0  entry8b.o(.ARM.Collect$$$$0000000A)
    .ARM.Collect$$$$0000000B                 0x08000138   Section        8  entry9a.o(.ARM.Collect$$$$0000000B)
    .ARM.Collect$$$$0000000D                 0x08000140   Section        0  entry10a.o(.ARM.Collect$$$$0000000D)
    .ARM.Collect$$$$0000000F                 0x08000140   Section        0  entry11a.o(.ARM.Collect$$$$0000000F)
    .ARM.Collect$$$$00002712                 0x08000140   Section        4  entry2.o(.ARM.Collect$$$$00002712)
    __lit__00000000                          0x08000140   Data           4  entry2.o(.ARM.Collect$$$$00002712)
    .text                                    0x08000144   Section       36  startup_stm32f10x_hd.o(.text)
    .text                                    0x08000168   Section        0  fmul.o(.text)
    .text                                    0x080001cc   Section        0  dmul.o(.text)
    .text                                    0x080002b0   Section        0  ffixui.o(.text)
    .text                                    0x080002d8   Section        0  uidiv.o(.text)
    .text                                    0x08000304   Section        0  uldiv.o(.text)
    .text                                    0x08000366   Section        0  iusefp.o(.text)
    .text                                    0x08000366   Section        0  depilogue.o(.text)
    .text                                    0x08000420   Section        0  dadd.o(.text)
    .text                                    0x0800056e   Section        0  ddiv.o(.text)
    .text                                    0x0800064c   Section        0  dfixul.o(.text)
    .text                                    0x0800067c   Section       48  cdrcmple.o(.text)
    .text                                    0x080006ac   Section       36  init.o(.text)
    .text                                    0x080006d0   Section        0  llshl.o(.text)
    .text                                    0x080006ee   Section        0  llushr.o(.text)
    .text                                    0x0800070e   Section        0  llsshr.o(.text)
    i.CAN_FilterInit                         0x08000734   Section        0  stm32f10x_can.o(i.CAN_FilterInit)
    i.CAN_Init                               0x0800083c   Section        0  stm32f10x_can.o(i.CAN_Init)
    i.CAN_Mode_Init                          0x08000950   Section        0  can.o(i.CAN_Mode_Init)
    i.Cooker_Init                            0x08000a20   Section        0  cooker.o(i.Cooker_Init)
    i.Encode_Encoder_Init                    0x08000ac8   Section        0  encoder.o(i.Encode_Encoder_Init)
    i.GPIO_Init                              0x08000c54   Section        0  stm32f10x_gpio.o(i.GPIO_Init)
    i.GPIO_MOTOR_INT                         0x08000d6c   Section        0  motor.o(i.GPIO_MOTOR_INT)
    i.GPIO_PinRemapConfig                    0x08000e54   Section        0  stm32f10x_gpio.o(i.GPIO_PinRemapConfig)
    i.GPIO_ResetBits                         0x08000ee4   Section        0  stm32f10x_gpio.o(i.GPIO_ResetBits)
    i.GPIO_SetBits                           0x08000ee8   Section        0  stm32f10x_gpio.o(i.GPIO_SetBits)
    i.MAX6675_init                           0x08000eec   Section        0  cooker.o(i.MAX6675_init)
    i.NVIC_Init                              0x08000f88   Section        0  misc.o(i.NVIC_Init)
    i.NVIC_PriorityGroupConfig               0x08000ff8   Section        0  misc.o(i.NVIC_PriorityGroupConfig)
    i.RCC_APB1PeriphClockCmd                 0x0800100c   Section        0  stm32f10x_rcc.o(i.RCC_APB1PeriphClockCmd)
    i.RCC_APB2PeriphClockCmd                 0x0800102c   Section        0  stm32f10x_rcc.o(i.RCC_APB2PeriphClockCmd)
    i.RCC_GetClocksFreq                      0x0800104c   Section        0  stm32f10x_rcc.o(i.RCC_GetClocksFreq)
    i.Read_Encoder1                          0x08001120   Section        0  encoder.o(i.Read_Encoder1)
    i.Read_Encoder2                          0x0800112c   Section        0  encoder.o(i.Read_Encoder2)
    i.SPI_Cmd                                0x08001138   Section        0  stm32f10x_spi.o(i.SPI_Cmd)
    i.SPI_FLASH_BufferRead                   0x08001150   Section        0  spi_fat_flash.o(i.SPI_FLASH_BufferRead)
    i.SPI_FLASH_BufferWrite                  0x080011a4   Section        0  spi_fat_flash.o(i.SPI_FLASH_BufferWrite)
    i.SPI_FLASH_Init                         0x080012c8   Section        0  spi_fat_flash.o(i.SPI_FLASH_Init)
    i.SPI_FLASH_PageWrite                    0x08001390   Section        0  spi_fat_flash.o(i.SPI_FLASH_PageWrite)
    i.SPI_FLASH_ReadID                       0x08001430   Section        0  spi_fat_flash.o(i.SPI_FLASH_ReadID)
    i.SPI_FLASH_SectorErase                  0x08001488   Section        0  spi_fat_flash.o(i.SPI_FLASH_SectorErase)
    i.SPI_FLASH_SendByte                     0x080014d0   Section        0  spi_fat_flash.o(i.SPI_FLASH_SendByte)
    i.SPI_FLASH_WaitForWriteEnd              0x08001548   Section        0  spi_fat_flash.o(i.SPI_FLASH_WaitForWriteEnd)
    i.SPI_FLASH_WriteEnable                  0x08001580   Section        0  spi_fat_flash.o(i.SPI_FLASH_WriteEnable)
    i.SPI_Flash_WAKEUP                       0x080015a4   Section        0  spi_fat_flash.o(i.SPI_Flash_WAKEUP)
    i.SPI_I2S_GetFlagStatus                  0x080015c8   Section        0  stm32f10x_spi.o(i.SPI_I2S_GetFlagStatus)
    i.SPI_I2S_ReceiveData                    0x080015da   Section        0  stm32f10x_spi.o(i.SPI_I2S_ReceiveData)
    i.SPI_I2S_SendData                       0x080015e0   Section        0  stm32f10x_spi.o(i.SPI_I2S_SendData)
    i.SPI_Init                               0x080015e4   Section        0  stm32f10x_spi.o(i.SPI_Init)
    i.SPI_TIMEOUT_UserCallback               0x08001620   Section        0  spi_fat_flash.o(i.SPI_TIMEOUT_UserCallback)
    SPI_TIMEOUT_UserCallback                 0x08001621   Thumb Code    16  spi_fat_flash.o(i.SPI_TIMEOUT_UserCallback)
    i.SetSysClock                            0x08001660   Section        0  system_stm32f10x.o(i.SetSysClock)
    SetSysClock                              0x08001661   Thumb Code     8  system_stm32f10x.o(i.SetSysClock)
    i.SetSysClockTo72                        0x08001668   Section        0  system_stm32f10x.o(i.SetSysClockTo72)
    SetSysClockTo72                          0x08001669   Thumb Code   214  system_stm32f10x.o(i.SetSysClockTo72)
    i.SystemInit                             0x08001748   Section        0  system_stm32f10x.o(i.SystemInit)
    i.TI1_Config                             0x080017a8   Section        0  stm32f10x_tim.o(i.TI1_Config)
    TI1_Config                               0x080017a9   Thumb Code   108  stm32f10x_tim.o(i.TI1_Config)
    i.TI2_Config                             0x08001828   Section        0  stm32f10x_tim.o(i.TI2_Config)
    TI2_Config                               0x08001829   Thumb Code   130  stm32f10x_tim.o(i.TI2_Config)
    i.TI3_Config                             0x080018c0   Section        0  stm32f10x_tim.o(i.TI3_Config)
    TI3_Config                               0x080018c1   Thumb Code   122  stm32f10x_tim.o(i.TI3_Config)
    i.TI4_Config                             0x08001950   Section        0  stm32f10x_tim.o(i.TI4_Config)
    TI4_Config                               0x08001951   Thumb Code   130  stm32f10x_tim.o(i.TI4_Config)
    i.TIM2_IRQHandler                        0x080019e8   Section        0  encoder.o(i.TIM2_IRQHandler)
    i.TIM4_IRQHandler                        0x08001a30   Section        0  encoder.o(i.TIM4_IRQHandler)
    i.TIM6_IRQHandler                        0x08001a78   Section        0  system.o(i.TIM6_IRQHandler)
    i.TIM7_IRQHandler                        0x08001b34   Section        0  system.o(i.TIM7_IRQHandler)
    i.TIM_ARRPreloadConfig                   0x08001bf0   Section        0  stm32f10x_tim.o(i.TIM_ARRPreloadConfig)
    i.TIM_ClearFlag                          0x08001c08   Section        0  stm32f10x_tim.o(i.TIM_ClearFlag)
    i.TIM_ClearITPendingBit                  0x08001c0e   Section        0  stm32f10x_tim.o(i.TIM_ClearITPendingBit)
    i.TIM_Cmd                                0x08001c14   Section        0  stm32f10x_tim.o(i.TIM_Cmd)
    i.TIM_EncoderInterfaceConfig             0x08001c2c   Section        0  stm32f10x_tim.o(i.TIM_EncoderInterfaceConfig)
    i.TIM_GetITStatus                        0x08001c6e   Section        0  stm32f10x_tim.o(i.TIM_GetITStatus)
    i.TIM_ICInit                             0x08001c90   Section        0  stm32f10x_tim.o(i.TIM_ICInit)
    i.TIM_ICStructInit                       0x08001d3c   Section        0  stm32f10x_tim.o(i.TIM_ICStructInit)
    i.TIM_ITConfig                           0x08001d4e   Section        0  stm32f10x_tim.o(i.TIM_ITConfig)
    i.TIM_OC1Init                            0x08001d60   Section        0  stm32f10x_tim.o(i.TIM_OC1Init)
    i.TIM_OC1PreloadConfig                   0x08001df8   Section        0  stm32f10x_tim.o(i.TIM_OC1PreloadConfig)
    i.TIM_OC2Init                            0x08001e0c   Section        0  stm32f10x_tim.o(i.TIM_OC2Init)
    i.TIM_OC2PreloadConfig                   0x08001eb0   Section        0  stm32f10x_tim.o(i.TIM_OC2PreloadConfig)
    i.TIM_OC3Init                            0x08001ecc   Section        0  stm32f10x_tim.o(i.TIM_OC3Init)
    i.TIM_OC3PreloadConfig                   0x08001f6c   Section        0  stm32f10x_tim.o(i.TIM_OC3PreloadConfig)
    i.TIM_SetAutoreload                      0x08001f7e   Section        0  stm32f10x_tim.o(i.TIM_SetAutoreload)
    i.TIM_SetCompare1                        0x08001f82   Section        0  stm32f10x_tim.o(i.TIM_SetCompare1)
    i.TIM_SetCompare2                        0x08001f86   Section        0  stm32f10x_tim.o(i.TIM_SetCompare2)
    i.TIM_SetCompare3                        0x08001f8a   Section        0  stm32f10x_tim.o(i.TIM_SetCompare3)
    i.TIM_SetCounter                         0x08001f8e   Section        0  stm32f10x_tim.o(i.TIM_SetCounter)
    i.TIM_SetIC1Prescaler                    0x08001f92   Section        0  stm32f10x_tim.o(i.TIM_SetIC1Prescaler)
    i.TIM_SetIC2Prescaler                    0x08001fa4   Section        0  stm32f10x_tim.o(i.TIM_SetIC2Prescaler)
    i.TIM_SetIC3Prescaler                    0x08001fbe   Section        0  stm32f10x_tim.o(i.TIM_SetIC3Prescaler)
    i.TIM_SetIC4Prescaler                    0x08001fd0   Section        0  stm32f10x_tim.o(i.TIM_SetIC4Prescaler)
    i.TIM_TimeBaseInit                       0x08001fec   Section        0  stm32f10x_tim.o(i.TIM_TimeBaseInit)
    i.TIM_TimeBaseStructInit                 0x08002090   Section        0  stm32f10x_tim.o(i.TIM_TimeBaseStructInit)
    i.USART1_Bluetooth_Init                  0x080020a4   Section        0  bluetooth.o(i.USART1_Bluetooth_Init)
    i.USART1_IRQHandler                      0x0800215c   Section        0  bluetooth.o(i.USART1_IRQHandler)
    i.USART_ClearFlag                        0x08002280   Section        0  stm32f10x_usart.o(i.USART_ClearFlag)
    i.USART_Cmd                              0x08002292   Section        0  stm32f10x_usart.o(i.USART_Cmd)
    i.USART_GetFlagStatus                    0x080022aa   Section        0  stm32f10x_usart.o(i.USART_GetFlagStatus)
    i.USART_GetITStatus                      0x080022c4   Section        0  stm32f10x_usart.o(i.USART_GetITStatus)
    i.USART_ITConfig                         0x08002318   Section        0  stm32f10x_usart.o(i.USART_ITConfig)
    i.USART_Init                             0x08002364   Section        0  stm32f10x_usart.o(i.USART_Init)
    i.USART_ReceiveData                      0x0800243c   Section        0  stm32f10x_usart.o(i.USART_ReceiveData)
    i.USART_SendData                         0x08002446   Section        0  stm32f10x_usart.o(i.USART_SendData)
    i.Usart_SendByte                         0x0800244e   Section        0  bluetooth.o(i.Usart_SendByte)
    i.__0printf                              0x0800246c   Section        0  printfa.o(i.__0printf)
    i.__scatterload_copy                     0x0800248c   Section       14  handlers.o(i.__scatterload_copy)
    i.__scatterload_null                     0x0800249a   Section        2  handlers.o(i.__scatterload_null)
    i.__scatterload_zeroinit                 0x0800249c   Section       14  handlers.o(i.__scatterload_zeroinit)
    i._fp_digits                             0x080024ac   Section        0  printfa.o(i._fp_digits)
    _fp_digits                               0x080024ad   Thumb Code   334  printfa.o(i._fp_digits)
    i._printf_core                           0x08002610   Section        0  printfa.o(i._printf_core)
    _printf_core                             0x08002611   Thumb Code  1744  printfa.o(i._printf_core)
    i._printf_post_padding                   0x08002cec   Section        0  printfa.o(i._printf_post_padding)
    _printf_post_padding                     0x08002ced   Thumb Code    36  printfa.o(i._printf_post_padding)
    i._printf_pre_padding                    0x08002d10   Section        0  printfa.o(i._printf_pre_padding)
    _printf_pre_padding                      0x08002d11   Thumb Code    46  printfa.o(i._printf_pre_padding)
    i.check_fs                               0x08002d40   Section        0  ff.o(i.check_fs)
    check_fs                                 0x08002d41   Thumb Code   140  ff.o(i.check_fs)
    i.disk_initialize                        0x08002dd0   Section        0  diskio.o(i.disk_initialize)
    i.disk_ioctl                             0x08002e0a   Section        0  diskio.o(i.disk_ioctl)
    i.disk_read                              0x08002e4c   Section        0  diskio.o(i.disk_read)
    i.disk_status                            0x08002e8e   Section        0  diskio.o(i.disk_status)
    i.disk_write                             0x08002ebe   Section        0  diskio.o(i.disk_write)
    i.f_mkfs                                 0x08002f10   Section        0  ff.o(i.f_mkfs)
    i.f_mount                                0x08003594   Section        0  ff.o(i.f_mount)
    i.file_System_Init                       0x080035f0   Section        0  main.o(i.file_System_Init)
    i.find_volume                            0x08003790   Section        0  ff.o(i.find_volume)
    find_volume                              0x08003791   Thumb Code   966  ff.o(i.find_volume)
    i.fputc                                  0x08003b68   Section        0  bluetooth.o(i.fputc)
    i.get_fattime                            0x08003b8c   Section        0  diskio.o(i.get_fattime)
    i.get_ldnumber                           0x08003b94   Section        0  ff.o(i.get_ldnumber)
    get_ldnumber                             0x08003b95   Thumb Code    74  ff.o(i.get_ldnumber)
    i.induction_cooker_contro                0x08003be0   Section        0  cooker.o(i.induction_cooker_contro)
    i.jiDianQi_Init                          0x08003c24   Section        0  jidianqi.o(i.jiDianQi_Init)
    i.main                                   0x08003c5c   Section        0  main.o(i.main)
    i.mem_cpy                                0x08003cd8   Section        0  ff.o(i.mem_cpy)
    mem_cpy                                  0x08003cd9   Thumb Code    26  ff.o(i.mem_cpy)
    i.mem_set                                0x08003cf2   Section        0  ff.o(i.mem_set)
    mem_set                                  0x08003cf3   Thumb Code    20  ff.o(i.mem_set)
    i.motor_revolve                          0x08003d08   Section        0  motor.o(i.motor_revolve)
    i.motor_rotate_fan                       0x08003e44   Section        0  motor.o(i.motor_rotate_fan)
    i.motor_rotate_zheng                     0x08003e90   Section        0  motor.o(i.motor_rotate_zheng)
    i.motor_stop                             0x08003edc   Section        0  motor.o(i.motor_stop)
    i.move_window                            0x08003f10   Section        0  ff.o(i.move_window)
    move_window                              0x08003f11   Thumb Code    52  ff.o(i.move_window)
    i.sync_window                            0x08003f44   Section        0  ff.o(i.sync_window)
    sync_window                              0x08003f45   Thumb Code    82  ff.o(i.sync_window)
    i.timer1                                 0x08003f98   Section        0  system.o(i.timer1)
    i.timer2                                 0x08003fd0   Section        0  system.o(i.timer2)
    i.timers_init                            0x08004008   Section        0  system.o(i.timers_init)
    i.turn_Ji                                0x080040c0   Section        0  jidianqi.o(i.turn_Ji)
    .constdata                               0x08004114   Section       58  ff.o(.constdata)
    LfnOfs                                   0x08004114   Data          13  ff.o(.constdata)
    vst                                      0x08004122   Data          22  ff.o(.constdata)
    cst                                      0x08004138   Data          22  ff.o(.constdata)
    .data                                    0x20000000   Section       20  main.o(.data)
    .data                                    0x20000014   Section        2  motor.o(.data)
    .data                                    0x20000018   Section        4  spi_fat_flash.o(.data)
    SPITimeout                               0x20000018   Data           4  spi_fat_flash.o(.data)
    .data                                    0x2000001c   Section       22  system.o(.data)
    timer1_count                             0x2000001c   Data           4  system.o(.data)
    timer1_n                                 0x20000020   Data           4  system.o(.data)
    timer1_commend                           0x20000024   Data           1  system.o(.data)
    timer1_flag                              0x20000025   Data           1  system.o(.data)
    timer2_count                             0x20000028   Data           4  system.o(.data)
    timer2_n                                 0x2000002c   Data           4  system.o(.data)
    timer2_commend                           0x20000030   Data           1  system.o(.data)
    timer2_flag                              0x20000031   Data           1  system.o(.data)
    .data                                    0x20000032   Section       20  stm32f10x_rcc.o(.data)
    APBAHBPrescTable                         0x20000032   Data          16  stm32f10x_rcc.o(.data)
    ADCPrescTable                            0x20000042   Data           4  stm32f10x_rcc.o(.data)
    .data                                    0x20000048   Section       10  ff.o(.data)
    FatFs                                    0x20000048   Data           8  ff.o(.data)
    Fsid                                     0x20000050   Data           2  ff.o(.data)
    .data                                    0x20000054   Section        4  stdout.o(.data)
    .bss                                     0x20000058   Section     8608  main.o(.bss)
    STACK                                    0x200021f8   Section     1024  startup_stm32f10x_hd.o(STACK)

    Global Symbols

    Symbol Name                              Value     Ov Type        Size  Object(Section)

    BuildAttributes$$THM_ISAv4$P$D$K$B$S$PE$A:L22UL41UL21$X:L11$S22US41US21$IEEE1$IW$USESV6$~STKCKD$USESV7$~SHL$OTIME$ROPI$EBA8$MICROLIB$REQ8$PRES8$EABIv2 0x00000000   Number         0  anon$$obj.o ABSOLUTE
    __ARM_use_no_argv                        0x00000000   Number         0  main.o ABSOLUTE
    _printf_a                                0x00000000   Number         0  stubs.o ABSOLUTE
    _printf_c                                0x00000000   Number         0  stubs.o ABSOLUTE
    _printf_charcount                        0x00000000   Number         0  stubs.o ABSOLUTE
    _printf_d                                0x00000000   Number         0  stubs.o ABSOLUTE
    _printf_e                                0x00000000   Number         0  stubs.o ABSOLUTE
    _printf_f                                0x00000000   Number         0  stubs.o ABSOLUTE
    _printf_flags                            0x00000000   Number         0  stubs.o ABSOLUTE
    _printf_fp_dec                           0x00000000   Number         0  stubs.o ABSOLUTE
    _printf_fp_hex                           0x00000000   Number         0  stubs.o ABSOLUTE
    _printf_g                                0x00000000   Number         0  stubs.o ABSOLUTE
    _printf_i                                0x00000000   Number         0  stubs.o ABSOLUTE
    _printf_int_dec                          0x00000000   Number         0  stubs.o ABSOLUTE
    _printf_l                                0x00000000   Number         0  stubs.o ABSOLUTE
    _printf_lc                               0x00000000   Number         0  stubs.o ABSOLUTE
    _printf_ll                               0x00000000   Number         0  stubs.o ABSOLUTE
    _printf_lld                              0x00000000   Number         0  stubs.o ABSOLUTE
    _printf_lli                              0x00000000   Number         0  stubs.o ABSOLUTE
    _printf_llo                              0x00000000   Number         0  stubs.o ABSOLUTE
    _printf_llu                              0x00000000   Number         0  stubs.o ABSOLUTE
    _printf_llx                              0x00000000   Number         0  stubs.o ABSOLUTE
    _printf_longlong_dec                     0x00000000   Number         0  stubs.o ABSOLUTE
    _printf_longlong_hex                     0x00000000   Number         0  stubs.o ABSOLUTE
    _printf_longlong_oct                     0x00000000   Number         0  stubs.o ABSOLUTE
    _printf_ls                               0x00000000   Number         0  stubs.o ABSOLUTE
    _printf_mbtowc                           0x00000000   Number         0  stubs.o ABSOLUTE
    _printf_n                                0x00000000   Number         0  stubs.o ABSOLUTE
    _printf_o                                0x00000000   Number         0  stubs.o ABSOLUTE
    _printf_p                                0x00000000   Number         0  stubs.o ABSOLUTE
    _printf_percent                          0x00000000   Number         0  stubs.o ABSOLUTE
    _printf_pre_padding                      0x00000000   Number         0  stubs.o ABSOLUTE
    _printf_return_value                     0x00000000   Number         0  stubs.o ABSOLUTE
    _printf_s                                0x00000000   Number         0  stubs.o ABSOLUTE
    _printf_sizespec                         0x00000000   Number         0  stubs.o ABSOLUTE
    _printf_str                              0x00000000   Number         0  stubs.o ABSOLUTE
    _printf_truncate_signed                  0x00000000   Number         0  stubs.o ABSOLUTE
    _printf_truncate_unsigned                0x00000000   Number         0  stubs.o ABSOLUTE
    _printf_u                                0x00000000   Number         0  stubs.o ABSOLUTE
    _printf_wc                               0x00000000   Number         0  stubs.o ABSOLUTE
    _printf_wctomb                           0x00000000   Number         0  stubs.o ABSOLUTE
    _printf_widthprec                        0x00000000   Number         0  stubs.o ABSOLUTE
    _printf_x                                0x00000000   Number         0  stubs.o ABSOLUTE
    __cpp_initialize__aeabi_                  - Undefined Weak Reference
    __cxa_finalize                            - Undefined Weak Reference
    __decompress                              - Undefined Weak Reference
    _clock_init                               - Undefined Weak Reference
    _microlib_exit                            - Undefined Weak Reference
    __Vectors_Size                           0x00000130   Number         0  startup_stm32f10x_hd.o ABSOLUTE
    __Vectors                                0x08000000   Data           4  startup_stm32f10x_hd.o(RESET)
    __Vectors_End                            0x08000130   Data           0  startup_stm32f10x_hd.o(RESET)
    __main                                   0x08000131   Thumb Code     0  entry.o(.ARM.Collect$$$$00000000)
    _main_stk                                0x08000131   Thumb Code     0  entry2.o(.ARM.Collect$$$$00000001)
    _main_scatterload                        0x08000135   Thumb Code     0  entry5.o(.ARM.Collect$$$$00000004)
    __main_after_scatterload                 0x08000139   Thumb Code     0  entry5.o(.ARM.Collect$$$$00000004)
    _main_clock                              0x08000139   Thumb Code     0  entry7b.o(.ARM.Collect$$$$00000008)
    _main_cpp_init                           0x08000139   Thumb Code     0  entry8b.o(.ARM.Collect$$$$0000000A)
    _main_init                               0x08000139   Thumb Code     0  entry9a.o(.ARM.Collect$$$$0000000B)
    __rt_final_cpp                           0x08000141   Thumb Code     0  entry10a.o(.ARM.Collect$$$$0000000D)
    __rt_final_exit                          0x08000141   Thumb Code     0  entry11a.o(.ARM.Collect$$$$0000000F)
    Reset_Handler                            0x08000145   Thumb Code     8  startup_stm32f10x_hd.o(.text)
    NMI_Handler                              0x0800014d   Thumb Code     2  startup_stm32f10x_hd.o(.text)
    HardFault_Handler                        0x0800014f   Thumb Code     2  startup_stm32f10x_hd.o(.text)
    MemManage_Handler                        0x08000151   Thumb Code     2  startup_stm32f10x_hd.o(.text)
    BusFault_Handler                         0x08000153   Thumb Code     2  startup_stm32f10x_hd.o(.text)
    UsageFault_Handler                       0x08000155   Thumb Code     2  startup_stm32f10x_hd.o(.text)
    SVC_Handler                              0x08000157   Thumb Code     2  startup_stm32f10x_hd.o(.text)
    DebugMon_Handler                         0x08000159   Thumb Code     2  startup_stm32f10x_hd.o(.text)
    PendSV_Handler                           0x0800015b   Thumb Code     2  startup_stm32f10x_hd.o(.text)
    SysTick_Handler                          0x0800015d   Thumb Code     2  startup_stm32f10x_hd.o(.text)
    ADC1_2_IRQHandler                        0x0800015f   Thumb Code     0  startup_stm32f10x_hd.o(.text)
    ADC3_IRQHandler                          0x0800015f   Thumb Code     0  startup_stm32f10x_hd.o(.text)
    CAN1_RX1_IRQHandler                      0x0800015f   Thumb Code     0  startup_stm32f10x_hd.o(.text)
    CAN1_SCE_IRQHandler                      0x0800015f   Thumb Code     0  startup_stm32f10x_hd.o(.text)
    DMA1_Channel1_IRQHandler                 0x0800015f   Thumb Code     0  startup_stm32f10x_hd.o(.text)
    DMA1_Channel2_IRQHandler                 0x0800015f   Thumb Code     0  startup_stm32f10x_hd.o(.text)
    DMA1_Channel3_IRQHandler                 0x0800015f   Thumb Code     0  startup_stm32f10x_hd.o(.text)
    DMA1_Channel4_IRQHandler                 0x0800015f   Thumb Code     0  startup_stm32f10x_hd.o(.text)
    DMA1_Channel5_IRQHandler                 0x0800015f   Thumb Code     0  startup_stm32f10x_hd.o(.text)
    DMA1_Channel6_IRQHandler                 0x0800015f   Thumb Code     0  startup_stm32f10x_hd.o(.text)
    DMA1_Channel7_IRQHandler                 0x0800015f   Thumb Code     0  startup_stm32f10x_hd.o(.text)
    DMA2_Channel1_IRQHandler                 0x0800015f   Thumb Code     0  startup_stm32f10x_hd.o(.text)
    DMA2_Channel2_IRQHandler                 0x0800015f   Thumb Code     0  startup_stm32f10x_hd.o(.text)
    DMA2_Channel3_IRQHandler                 0x0800015f   Thumb Code     0  startup_stm32f10x_hd.o(.text)
    DMA2_Channel4_5_IRQHandler               0x0800015f   Thumb Code     0  startup_stm32f10x_hd.o(.text)
    EXTI0_IRQHandler                         0x0800015f   Thumb Code     0  startup_stm32f10x_hd.o(.text)
    EXTI15_10_IRQHandler                     0x0800015f   Thumb Code     0  startup_stm32f10x_hd.o(.text)
    EXTI1_IRQHandler                         0x0800015f   Thumb Code     0  startup_stm32f10x_hd.o(.text)
    EXTI2_IRQHandler                         0x0800015f   Thumb Code     0  startup_stm32f10x_hd.o(.text)
    EXTI3_IRQHandler                         0x0800015f   Thumb Code     0  startup_stm32f10x_hd.o(.text)
    EXTI4_IRQHandler                         0x0800015f   Thumb Code     0  startup_stm32f10x_hd.o(.text)
    EXTI9_5_IRQHandler                       0x0800015f   Thumb Code     0  startup_stm32f10x_hd.o(.text)
    FLASH_IRQHandler                         0x0800015f   Thumb Code     0  startup_stm32f10x_hd.o(.text)
    FSMC_IRQHandler                          0x0800015f   Thumb Code     0  startup_stm32f10x_hd.o(.text)
    I2C1_ER_IRQHandler                       0x0800015f   Thumb Code     0  startup_stm32f10x_hd.o(.text)
    I2C1_EV_IRQHandler                       0x0800015f   Thumb Code     0  startup_stm32f10x_hd.o(.text)
    I2C2_ER_IRQHandler                       0x0800015f   Thumb Code     0  startup_stm32f10x_hd.o(.text)
    I2C2_EV_IRQHandler                       0x0800015f   Thumb Code     0  startup_stm32f10x_hd.o(.text)
    PVD_IRQHandler                           0x0800015f   Thumb Code     0  startup_stm32f10x_hd.o(.text)
    RCC_IRQHandler                           0x0800015f   Thumb Code     0  startup_stm32f10x_hd.o(.text)
    RTCAlarm_IRQHandler                      0x0800015f   Thumb Code     0  startup_stm32f10x_hd.o(.text)
    RTC_IRQHandler                           0x0800015f   Thumb Code     0  startup_stm32f10x_hd.o(.text)
    SDIO_IRQHandler                          0x0800015f   Thumb Code     0  startup_stm32f10x_hd.o(.text)
    SPI1_IRQHandler                          0x0800015f   Thumb Code     0  startup_stm32f10x_hd.o(.text)
    SPI2_IRQHandler                          0x0800015f   Thumb Code     0  startup_stm32f10x_hd.o(.text)
    SPI3_IRQHandler                          0x0800015f   Thumb Code     0  startup_stm32f10x_hd.o(.text)
    TAMPER_IRQHandler                        0x0800015f   Thumb Code     0  startup_stm32f10x_hd.o(.text)
    TIM1_BRK_IRQHandler                      0x0800015f   Thumb Code     0  startup_stm32f10x_hd.o(.text)
    TIM1_CC_IRQHandler                       0x0800015f   Thumb Code     0  startup_stm32f10x_hd.o(.text)
    TIM1_TRG_COM_IRQHandler                  0x0800015f   Thumb Code     0  startup_stm32f10x_hd.o(.text)
    TIM1_UP_IRQHandler                       0x0800015f   Thumb Code     0  startup_stm32f10x_hd.o(.text)
    TIM3_IRQHandler                          0x0800015f   Thumb Code     0  startup_stm32f10x_hd.o(.text)
    TIM5_IRQHandler                          0x0800015f   Thumb Code     0  startup_stm32f10x_hd.o(.text)
    TIM8_BRK_IRQHandler                      0x0800015f   Thumb Code     0  startup_stm32f10x_hd.o(.text)
    TIM8_CC_IRQHandler                       0x0800015f   Thumb Code     0  startup_stm32f10x_hd.o(.text)
    TIM8_TRG_COM_IRQHandler                  0x0800015f   Thumb Code     0  startup_stm32f10x_hd.o(.text)
    TIM8_UP_IRQHandler                       0x0800015f   Thumb Code     0  startup_stm32f10x_hd.o(.text)
    UART4_IRQHandler                         0x0800015f   Thumb Code     0  startup_stm32f10x_hd.o(.text)
    UART5_IRQHandler                         0x0800015f   Thumb Code     0  startup_stm32f10x_hd.o(.text)
    USART2_IRQHandler                        0x0800015f   Thumb Code     0  startup_stm32f10x_hd.o(.text)
    USART3_IRQHandler                        0x0800015f   Thumb Code     0  startup_stm32f10x_hd.o(.text)
    USBWakeUp_IRQHandler                     0x0800015f   Thumb Code     0  startup_stm32f10x_hd.o(.text)
    USB_HP_CAN1_TX_IRQHandler                0x0800015f   Thumb Code     0  startup_stm32f10x_hd.o(.text)
    USB_LP_CAN1_RX0_IRQHandler               0x0800015f   Thumb Code     0  startup_stm32f10x_hd.o(.text)
    WWDG_IRQHandler                          0x0800015f   Thumb Code     0  startup_stm32f10x_hd.o(.text)
    __aeabi_fmul                             0x08000169   Thumb Code   100  fmul.o(.text)
    __aeabi_dmul                             0x080001cd   Thumb Code   228  dmul.o(.text)
    __aeabi_f2uiz                            0x080002b1   Thumb Code    40  ffixui.o(.text)
    __aeabi_uidiv                            0x080002d9   Thumb Code     0  uidiv.o(.text)
    __aeabi_uidivmod                         0x080002d9   Thumb Code    44  uidiv.o(.text)
    __aeabi_uldivmod                         0x08000305   Thumb Code    98  uldiv.o(.text)
    __I$use$fp                               0x08000367   Thumb Code     0  iusefp.o(.text)
    _double_round                            0x08000367   Thumb Code    30  depilogue.o(.text)
    _double_epilogue                         0x08000385   Thumb Code   156  depilogue.o(.text)
    __aeabi_dadd                             0x08000421   Thumb Code   322  dadd.o(.text)
    __aeabi_dsub                             0x08000563   Thumb Code     6  dadd.o(.text)
    __aeabi_drsub                            0x08000569   Thumb Code     6  dadd.o(.text)
    __aeabi_ddiv                             0x0800056f   Thumb Code   222  ddiv.o(.text)
    __aeabi_d2ulz                            0x0800064d   Thumb Code    48  dfixul.o(.text)
    __aeabi_cdrcmple                         0x0800067d   Thumb Code    48  cdrcmple.o(.text)
    __scatterload                            0x080006ad   Thumb Code    28  init.o(.text)
    __scatterload_rt2                        0x080006ad   Thumb Code     0  init.o(.text)
    __aeabi_llsl                             0x080006d1   Thumb Code    30  llshl.o(.text)
    _ll_shift_l                              0x080006d1   Thumb Code     0  llshl.o(.text)
    __aeabi_llsr                             0x080006ef   Thumb Code    32  llushr.o(.text)
    _ll_ushift_r                             0x080006ef   Thumb Code     0  llushr.o(.text)
    __aeabi_lasr                             0x0800070f   Thumb Code    36  llsshr.o(.text)
    _ll_sshift_r                             0x0800070f   Thumb Code     0  llsshr.o(.text)
    CAN_FilterInit                           0x08000735   Thumb Code   258  stm32f10x_can.o(i.CAN_FilterInit)
    CAN_Init                                 0x0800083d   Thumb Code   276  stm32f10x_can.o(i.CAN_Init)
    CAN_Mode_Init                            0x08000951   Thumb Code   198  can.o(i.CAN_Mode_Init)
    Cooker_Init                              0x08000a21   Thumb Code   156  cooker.o(i.Cooker_Init)
    Encode_Encoder_Init                      0x08000ac9   Thumb Code   384  encoder.o(i.Encode_Encoder_Init)
    GPIO_Init                                0x08000c55   Thumb Code   278  stm32f10x_gpio.o(i.GPIO_Init)
    GPIO_MOTOR_INT                           0x08000d6d   Thumb Code   218  motor.o(i.GPIO_MOTOR_INT)
    GPIO_PinRemapConfig                      0x08000e55   Thumb Code   138  stm32f10x_gpio.o(i.GPIO_PinRemapConfig)
    GPIO_ResetBits                           0x08000ee5   Thumb Code     4  stm32f10x_gpio.o(i.GPIO_ResetBits)
    GPIO_SetBits                             0x08000ee9   Thumb Code     4  stm32f10x_gpio.o(i.GPIO_SetBits)
    MAX6675_init                             0x08000eed   Thumb Code   148  cooker.o(i.MAX6675_init)
    NVIC_Init                                0x08000f89   Thumb Code   100  misc.o(i.NVIC_Init)
    NVIC_PriorityGroupConfig                 0x08000ff9   Thumb Code    10  misc.o(i.NVIC_PriorityGroupConfig)
    RCC_APB1PeriphClockCmd                   0x0800100d   Thumb Code    26  stm32f10x_rcc.o(i.RCC_APB1PeriphClockCmd)
    RCC_APB2PeriphClockCmd                   0x0800102d   Thumb Code    26  stm32f10x_rcc.o(i.RCC_APB2PeriphClockCmd)
    RCC_GetClocksFreq                        0x0800104d   Thumb Code   192  stm32f10x_rcc.o(i.RCC_GetClocksFreq)
    Read_Encoder1                            0x08001121   Thumb Code    10  encoder.o(i.Read_Encoder1)
    Read_Encoder2                            0x0800112d   Thumb Code     8  encoder.o(i.Read_Encoder2)
    SPI_Cmd                                  0x08001139   Thumb Code    24  stm32f10x_spi.o(i.SPI_Cmd)
    SPI_FLASH_BufferRead                     0x08001151   Thumb Code    80  spi_fat_flash.o(i.SPI_FLASH_BufferRead)
    SPI_FLASH_BufferWrite                    0x080011a5   Thumb Code   290  spi_fat_flash.o(i.SPI_FLASH_BufferWrite)
    SPI_FLASH_Init                           0x080012c9   Thumb Code   188  spi_fat_flash.o(i.SPI_FLASH_Init)
    SPI_FLASH_PageWrite                      0x08001391   Thumb Code   102  spi_fat_flash.o(i.SPI_FLASH_PageWrite)
    SPI_FLASH_ReadID                         0x08001431   Thumb Code    82  spi_fat_flash.o(i.SPI_FLASH_ReadID)
    SPI_FLASH_SectorErase                    0x08001489   Thumb Code    66  spi_fat_flash.o(i.SPI_FLASH_SectorErase)
    SPI_FLASH_SendByte                       0x080014d1   Thumb Code   110  spi_fat_flash.o(i.SPI_FLASH_SendByte)
    SPI_FLASH_WaitForWriteEnd                0x08001549   Thumb Code    50  spi_fat_flash.o(i.SPI_FLASH_WaitForWriteEnd)
    SPI_FLASH_WriteEnable                    0x08001581   Thumb Code    30  spi_fat_flash.o(i.SPI_FLASH_WriteEnable)
    SPI_Flash_WAKEUP                         0x080015a5   Thumb Code    30  spi_fat_flash.o(i.SPI_Flash_WAKEUP)
    SPI_I2S_GetFlagStatus                    0x080015c9   Thumb Code    18  stm32f10x_spi.o(i.SPI_I2S_GetFlagStatus)
    SPI_I2S_ReceiveData                      0x080015db   Thumb Code     6  stm32f10x_spi.o(i.SPI_I2S_ReceiveData)
    SPI_I2S_SendData                         0x080015e1   Thumb Code     4  stm32f10x_spi.o(i.SPI_I2S_SendData)
    SPI_Init                                 0x080015e5   Thumb Code    60  stm32f10x_spi.o(i.SPI_Init)
    SystemInit                               0x08001749   Thumb Code    78  system_stm32f10x.o(i.SystemInit)
    TIM2_IRQHandler                          0x080019e9   Thumb Code    52  encoder.o(i.TIM2_IRQHandler)
    TIM4_IRQHandler                          0x08001a31   Thumb Code    46  encoder.o(i.TIM4_IRQHandler)
    TIM6_IRQHandler                          0x08001a79   Thumb Code   162  system.o(i.TIM6_IRQHandler)
    TIM7_IRQHandler                          0x08001b35   Thumb Code   162  system.o(i.TIM7_IRQHandler)
    TIM_ARRPreloadConfig                     0x08001bf1   Thumb Code    24  stm32f10x_tim.o(i.TIM_ARRPreloadConfig)
    TIM_ClearFlag                            0x08001c09   Thumb Code     6  stm32f10x_tim.o(i.TIM_ClearFlag)
    TIM_ClearITPendingBit                    0x08001c0f   Thumb Code     6  stm32f10x_tim.o(i.TIM_ClearITPendingBit)
    TIM_Cmd                                  0x08001c15   Thumb Code    24  stm32f10x_tim.o(i.TIM_Cmd)
    TIM_EncoderInterfaceConfig               0x08001c2d   Thumb Code    66  stm32f10x_tim.o(i.TIM_EncoderInterfaceConfig)
    TIM_GetITStatus                          0x08001c6f   Thumb Code    34  stm32f10x_tim.o(i.TIM_GetITStatus)
    TIM_ICInit                               0x08001c91   Thumb Code   150  stm32f10x_tim.o(i.TIM_ICInit)
    TIM_ICStructInit                         0x08001d3d   Thumb Code    18  stm32f10x_tim.o(i.TIM_ICStructInit)
    TIM_ITConfig                             0x08001d4f   Thumb Code    18  stm32f10x_tim.o(i.TIM_ITConfig)
    TIM_OC1Init                              0x08001d61   Thumb Code   132  stm32f10x_tim.o(i.TIM_OC1Init)
    TIM_OC1PreloadConfig                     0x08001df9   Thumb Code    18  stm32f10x_tim.o(i.TIM_OC1PreloadConfig)
    TIM_OC2Init                              0x08001e0d   Thumb Code   154  stm32f10x_tim.o(i.TIM_OC2Init)
    TIM_OC2PreloadConfig                     0x08001eb1   Thumb Code    26  stm32f10x_tim.o(i.TIM_OC2PreloadConfig)
    TIM_OC3Init                              0x08001ecd   Thumb Code   150  stm32f10x_tim.o(i.TIM_OC3Init)
    TIM_OC3PreloadConfig                     0x08001f6d   Thumb Code    18  stm32f10x_tim.o(i.TIM_OC3PreloadConfig)
    TIM_SetAutoreload                        0x08001f7f   Thumb Code     4  stm32f10x_tim.o(i.TIM_SetAutoreload)
    TIM_SetCompare1                          0x08001f83   Thumb Code     4  stm32f10x_tim.o(i.TIM_SetCompare1)
    TIM_SetCompare2                          0x08001f87   Thumb Code     4  stm32f10x_tim.o(i.TIM_SetCompare2)
    TIM_SetCompare3                          0x08001f8b   Thumb Code     4  stm32f10x_tim.o(i.TIM_SetCompare3)
    TIM_SetCounter                           0x08001f8f   Thumb Code     4  stm32f10x_tim.o(i.TIM_SetCounter)
    TIM_SetIC1Prescaler                      0x08001f93   Thumb Code    18  stm32f10x_tim.o(i.TIM_SetIC1Prescaler)
    TIM_SetIC2Prescaler                      0x08001fa5   Thumb Code    26  stm32f10x_tim.o(i.TIM_SetIC2Prescaler)
    TIM_SetIC3Prescaler                      0x08001fbf   Thumb Code    18  stm32f10x_tim.o(i.TIM_SetIC3Prescaler)
    TIM_SetIC4Prescaler                      0x08001fd1   Thumb Code    26  stm32f10x_tim.o(i.TIM_SetIC4Prescaler)
    TIM_TimeBaseInit                         0x08001fed   Thumb Code   122  stm32f10x_tim.o(i.TIM_TimeBaseInit)
    TIM_TimeBaseStructInit                   0x08002091   Thumb Code    18  stm32f10x_tim.o(i.TIM_TimeBaseStructInit)
    USART1_Bluetooth_Init                    0x080020a5   Thumb Code   174  bluetooth.o(i.USART1_Bluetooth_Init)
    USART1_IRQHandler                        0x0800215d   Thumb Code   256  bluetooth.o(i.USART1_IRQHandler)
    USART_ClearFlag                          0x08002281   Thumb Code    18  stm32f10x_usart.o(i.USART_ClearFlag)
    USART_Cmd                                0x08002293   Thumb Code    24  stm32f10x_usart.o(i.USART_Cmd)
    USART_GetFlagStatus                      0x080022ab   Thumb Code    26  stm32f10x_usart.o(i.USART_GetFlagStatus)
    USART_GetITStatus                        0x080022c5   Thumb Code    84  stm32f10x_usart.o(i.USART_GetITStatus)
    USART_ITConfig                           0x08002319   Thumb Code    74  stm32f10x_usart.o(i.USART_ITConfig)
    USART_Init                               0x08002365   Thumb Code   210  stm32f10x_usart.o(i.USART_Init)
    USART_ReceiveData                        0x0800243d   Thumb Code    10  stm32f10x_usart.o(i.USART_ReceiveData)
    USART_SendData                           0x08002447   Thumb Code     8  stm32f10x_usart.o(i.USART_SendData)
    Usart_SendByte                           0x0800244f   Thumb Code    30  bluetooth.o(i.Usart_SendByte)
    __0printf                                0x0800246d   Thumb Code    22  printfa.o(i.__0printf)
    __1printf                                0x0800246d   Thumb Code     0  printfa.o(i.__0printf)
    __2printf                                0x0800246d   Thumb Code     0  printfa.o(i.__0printf)
    __c89printf                              0x0800246d   Thumb Code     0  printfa.o(i.__0printf)
    printf                                   0x0800246d   Thumb Code     0  printfa.o(i.__0printf)
    __scatterload_copy                       0x0800248d   Thumb Code    14  handlers.o(i.__scatterload_copy)
    __scatterload_null                       0x0800249b   Thumb Code     2  handlers.o(i.__scatterload_null)
    __scatterload_zeroinit                   0x0800249d   Thumb Code    14  handlers.o(i.__scatterload_zeroinit)
    disk_initialize                          0x08002dd1   Thumb Code    58  diskio.o(i.disk_initialize)
    disk_ioctl                               0x08002e0b   Thumb Code    66  diskio.o(i.disk_ioctl)
    disk_read                                0x08002e4d   Thumb Code    66  diskio.o(i.disk_read)
    disk_status                              0x08002e8f   Thumb Code    48  diskio.o(i.disk_status)
    disk_write                               0x08002ebf   Thumb Code    80  diskio.o(i.disk_write)
    f_mkfs                                   0x08002f11   Thumb Code  1622  ff.o(i.f_mkfs)
    f_mount                                  0x08003595   Thumb Code    86  ff.o(i.f_mount)
    file_System_Init                         0x080035f1   Thumb Code   136  main.o(i.file_System_Init)
    fputc                                    0x08003b69   Thumb Code    32  bluetooth.o(i.fputc)
    get_fattime                              0x08003b8d   Thumb Code     4  diskio.o(i.get_fattime)
    induction_cooker_contro                  0x08003be1   Thumb Code    64  cooker.o(i.induction_cooker_contro)
    jiDianQi_Init                            0x08003c25   Thumb Code    50  jidianqi.o(i.jiDianQi_Init)
    main                                     0x08003c5d   Thumb Code   118  main.o(i.main)
    motor_revolve                            0x08003d09   Thumb Code   280  motor.o(i.motor_revolve)
    motor_rotate_fan                         0x08003e45   Thumb Code    66  motor.o(i.motor_rotate_fan)
    motor_rotate_zheng                       0x08003e91   Thumb Code    66  motor.o(i.motor_rotate_zheng)
    motor_stop                               0x08003edd   Thumb Code    48  motor.o(i.motor_stop)
    timer1                                   0x08003f99   Thumb Code    40  system.o(i.timer1)
    timer2                                   0x08003fd1   Thumb Code    40  system.o(i.timer2)
    timers_init                              0x08004009   Thumb Code   176  system.o(i.timers_init)
    turn_Ji                                  0x080040c1   Thumb Code    78  jidianqi.o(i.turn_Ji)
    Region$$Table$$Base                      0x08004150   Number         0  anon$$obj.o(Region$$Table)
    Region$$Table$$Limit                     0x08004170   Number         0  anon$$obj.o(Region$$Table)
    fan_go_first                             0x20000000   Data           1  main.o(.data)
    arry                                     0x20000001   Data           8  main.o(.data)
    arry_i                                   0x20000009   Data           1  main.o(.data)
    check_flag                               0x2000000a   Data           1  main.o(.data)
    save_flag                                0x2000000b   Data           1  main.o(.data)
    no_or                                    0x2000000c   Data           1  main.o(.data)
    finish_flag                              0x2000000d   Data           1  main.o(.data)
    made_flag                                0x2000000e   Data           1  main.o(.data)
    res_flash                                0x2000000f   Data           1  main.o(.data)
    fnum                                     0x20000010   Data           4  main.o(.data)
    count                                    0x20000014   Data           2  motor.o(.data)
    __stdout                                 0x20000054   Data           4  stdout.o(.data)
    dat                                      0x20000058   Data         100  main.o(.bss)
    file_info                                0x200000bc   Data          32  main.o(.bss)
    fs                                       0x200000dc   Data        4144  main.o(.bss)
    fnew                                     0x2000110c   Data        4132  main.o(.bss)
    ReadBuffer                               0x20002130   Data         200  main.o(.bss)
    __initial_sp                             0x200025f8   Data           0  startup_stm32f10x_hd.o(STACK)



==============================================================================

Memory Map of the image

  Image Entry point : 0x08000145

  Load Region LR_1 (Base: 0x08000000, Size: 0x000041c8, Max: 0xffffffff, ABSOLUTE)

    Execution Region ER_RO (Base: 0x08000000, Size: 0x00004170, Max: 0xffffffff, ABSOLUTE)

    Base Addr    Size         Type   Attr      Idx    E Section Name        Object

    0x08000000   0x00000130   Data   RO          572    RESET               startup_stm32f10x_hd.o
    0x08000130   0x00000000   Code   RO         2906  * .ARM.Collect$$$$00000000  mc_w.l(entry.o)
    0x08000130   0x00000004   Code   RO         3184    .ARM.Collect$$$$00000001  mc_w.l(entry2.o)
    0x08000134   0x00000004   Code   RO         3187    .ARM.Collect$$$$00000004  mc_w.l(entry5.o)
    0x08000138   0x00000000   Code   RO         3189    .ARM.Collect$$$$00000008  mc_w.l(entry7b.o)
    0x08000138   0x00000000   Code   RO         3191    .ARM.Collect$$$$0000000A  mc_w.l(entry8b.o)
    0x08000138   0x00000008   Code   RO         3192    .ARM.Collect$$$$0000000B  mc_w.l(entry9a.o)
    0x08000140   0x00000000   Code   RO         3194    .ARM.Collect$$$$0000000D  mc_w.l(entry10a.o)
    0x08000140   0x00000000   Code   RO         3196    .ARM.Collect$$$$0000000F  mc_w.l(entry11a.o)
    0x08000140   0x00000004   Code   RO         3185    .ARM.Collect$$$$00002712  mc_w.l(entry2.o)
    0x08000144   0x00000024   Code   RO          573  * .text               startup_stm32f10x_hd.o
    0x08000168   0x00000064   Code   RO         3170    .text               mf_w.l(fmul.o)
    0x080001cc   0x000000e4   Code   RO         3172    .text               mf_w.l(dmul.o)
    0x080002b0   0x00000028   Code   RO         3178    .text               mf_w.l(ffixui.o)
    0x080002d8   0x0000002c   Code   RO         3199    .text               mc_w.l(uidiv.o)
    0x08000304   0x00000062   Code   RO         3201    .text               mc_w.l(uldiv.o)
    0x08000366   0x00000000   Code   RO         3203    .text               mc_w.l(iusefp.o)
    0x08000366   0x000000ba   Code   RO         3206    .text               mf_w.l(depilogue.o)
    0x08000420   0x0000014e   Code   RO         3208    .text               mf_w.l(dadd.o)
    0x0800056e   0x000000de   Code   RO         3210    .text               mf_w.l(ddiv.o)
    0x0800064c   0x00000030   Code   RO         3212    .text               mf_w.l(dfixul.o)
    0x0800067c   0x00000030   Code   RO         3214    .text               mf_w.l(cdrcmple.o)
    0x080006ac   0x00000024   Code   RO         3216    .text               mc_w.l(init.o)
    0x080006d0   0x0000001e   Code   RO         3218    .text               mc_w.l(llshl.o)
    0x080006ee   0x00000020   Code   RO         3220    .text               mc_w.l(llushr.o)
    0x0800070e   0x00000024   Code   RO         3222    .text               mc_w.l(llsshr.o)
    0x08000732   0x00000002   PAD
    0x08000734   0x00000108   Code   RO          886    i.CAN_FilterInit    stm32f10x_can.o
    0x0800083c   0x00000114   Code   RO          893    i.CAN_Init          stm32f10x_can.o
    0x08000950   0x000000d0   Code   RO          492    i.CAN_Mode_Init     can.o
    0x08000a20   0x000000a8   Code   RO          516    i.Cooker_Init       cooker.o
    0x08000ac8   0x0000018c   Code   RO          235    i.Encode_Encoder_Init  encoder.o
    0x08000c54   0x00000116   Code   RO         1227    i.GPIO_Init         stm32f10x_gpio.o
    0x08000d6a   0x00000002   PAD
    0x08000d6c   0x000000e8   Code   RO          172    i.GPIO_MOTOR_INT    motor.o
    0x08000e54   0x00000090   Code   RO         1229    i.GPIO_PinRemapConfig  stm32f10x_gpio.o
    0x08000ee4   0x00000004   Code   RO         1234    i.GPIO_ResetBits    stm32f10x_gpio.o
    0x08000ee8   0x00000004   Code   RO         1235    i.GPIO_SetBits      stm32f10x_gpio.o
    0x08000eec   0x0000009c   Code   RO          519    i.MAX6675_init      cooker.o
    0x08000f88   0x00000070   Code   RO          622    i.NVIC_Init         misc.o
    0x08000ff8   0x00000014   Code   RO          623    i.NVIC_PriorityGroupConfig  misc.o
    0x0800100c   0x00000020   Code   RO         1337    i.RCC_APB1PeriphClockCmd  stm32f10x_rcc.o
    0x0800102c   0x00000020   Code   RO         1339    i.RCC_APB2PeriphClockCmd  stm32f10x_rcc.o
    0x0800104c   0x000000d4   Code   RO         1347    i.RCC_GetClocksFreq  stm32f10x_rcc.o
    0x08001120   0x0000000a   Code   RO          236    i.Read_Encoder1     encoder.o
    0x0800112a   0x00000002   PAD
    0x0800112c   0x0000000c   Code   RO          237    i.Read_Encoder2     encoder.o
    0x08001138   0x00000018   Code   RO         1630    i.SPI_Cmd           stm32f10x_spi.o
    0x08001150   0x00000054   Code   RO          332    i.SPI_FLASH_BufferRead  spi_fat_flash.o
    0x080011a4   0x00000122   Code   RO          333    i.SPI_FLASH_BufferWrite  spi_fat_flash.o
    0x080012c6   0x00000002   PAD
    0x080012c8   0x000000c8   Code   RO          335    i.SPI_FLASH_Init    spi_fat_flash.o
    0x08001390   0x000000a0   Code   RO          336    i.SPI_FLASH_PageWrite  spi_fat_flash.o
    0x08001430   0x00000058   Code   RO          339    i.SPI_FLASH_ReadID  spi_fat_flash.o
    0x08001488   0x00000048   Code   RO          340    i.SPI_FLASH_SectorErase  spi_fat_flash.o
    0x080014d0   0x00000078   Code   RO          341    i.SPI_FLASH_SendByte  spi_fat_flash.o
    0x08001548   0x00000038   Code   RO          344    i.SPI_FLASH_WaitForWriteEnd  spi_fat_flash.o
    0x08001580   0x00000024   Code   RO          345    i.SPI_FLASH_WriteEnable  spi_fat_flash.o
    0x080015a4   0x00000024   Code   RO          347    i.SPI_Flash_WAKEUP  spi_fat_flash.o
    0x080015c8   0x00000012   Code   RO         1638    i.SPI_I2S_GetFlagStatus  stm32f10x_spi.o
    0x080015da   0x00000006   Code   RO         1641    i.SPI_I2S_ReceiveData  stm32f10x_spi.o
    0x080015e0   0x00000004   Code   RO         1642    i.SPI_I2S_SendData  stm32f10x_spi.o
    0x080015e4   0x0000003c   Code   RO         1643    i.SPI_Init          stm32f10x_spi.o
    0x08001620   0x00000040   Code   RO          348    i.SPI_TIMEOUT_UserCallback  spi_fat_flash.o
    0x08001660   0x00000008   Code   RO          588    i.SetSysClock       system_stm32f10x.o
    0x08001668   0x000000e0   Code   RO          589    i.SetSysClockTo72   system_stm32f10x.o
    0x08001748   0x00000060   Code   RO          591    i.SystemInit        system_stm32f10x.o
    0x080017a8   0x00000080   Code   RO         1769    i.TI1_Config        stm32f10x_tim.o
    0x08001828   0x00000098   Code   RO         1770    i.TI2_Config        stm32f10x_tim.o
    0x080018c0   0x00000090   Code   RO         1771    i.TI3_Config        stm32f10x_tim.o
    0x08001950   0x00000098   Code   RO         1772    i.TI4_Config        stm32f10x_tim.o
    0x080019e8   0x00000048   Code   RO          238    i.TIM2_IRQHandler   encoder.o
    0x08001a30   0x00000048   Code   RO          239    i.TIM4_IRQHandler   encoder.o
    0x08001a78   0x000000bc   Code   RO          441    i.TIM6_IRQHandler   system.o
    0x08001b34   0x000000bc   Code   RO          442    i.TIM7_IRQHandler   system.o
    0x08001bf0   0x00000018   Code   RO         1773    i.TIM_ARRPreloadConfig  stm32f10x_tim.o
    0x08001c08   0x00000006   Code   RO         1779    i.TIM_ClearFlag     stm32f10x_tim.o
    0x08001c0e   0x00000006   Code   RO         1780    i.TIM_ClearITPendingBit  stm32f10x_tim.o
    0x08001c14   0x00000018   Code   RO         1785    i.TIM_Cmd           stm32f10x_tim.o
    0x08001c2c   0x00000042   Code   RO         1794    i.TIM_EncoderInterfaceConfig  stm32f10x_tim.o
    0x08001c6e   0x00000022   Code   RO         1806    i.TIM_GetITStatus   stm32f10x_tim.o
    0x08001c90   0x000000ac   Code   RO         1808    i.TIM_ICInit        stm32f10x_tim.o
    0x08001d3c   0x00000012   Code   RO         1809    i.TIM_ICStructInit  stm32f10x_tim.o
    0x08001d4e   0x00000012   Code   RO         1810    i.TIM_ITConfig      stm32f10x_tim.o
    0x08001d60   0x00000098   Code   RO         1814    i.TIM_OC1Init       stm32f10x_tim.o
    0x08001df8   0x00000012   Code   RO         1817    i.TIM_OC1PreloadConfig  stm32f10x_tim.o
    0x08001e0a   0x00000002   PAD
    0x08001e0c   0x000000a4   Code   RO         1819    i.TIM_OC2Init       stm32f10x_tim.o
    0x08001eb0   0x0000001a   Code   RO         1822    i.TIM_OC2PreloadConfig  stm32f10x_tim.o
    0x08001eca   0x00000002   PAD
    0x08001ecc   0x000000a0   Code   RO         1824    i.TIM_OC3Init       stm32f10x_tim.o
    0x08001f6c   0x00000012   Code   RO         1827    i.TIM_OC3PreloadConfig  stm32f10x_tim.o
    0x08001f7e   0x00000004   Code   RO         1844    i.TIM_SetAutoreload  stm32f10x_tim.o
    0x08001f82   0x00000004   Code   RO         1846    i.TIM_SetCompare1   stm32f10x_tim.o
    0x08001f86   0x00000004   Code   RO         1847    i.TIM_SetCompare2   stm32f10x_tim.o
    0x08001f8a   0x00000004   Code   RO         1848    i.TIM_SetCompare3   stm32f10x_tim.o
    0x08001f8e   0x00000004   Code   RO         1850    i.TIM_SetCounter    stm32f10x_tim.o
    0x08001f92   0x00000012   Code   RO         1851    i.TIM_SetIC1Prescaler  stm32f10x_tim.o
    0x08001fa4   0x0000001a   Code   RO         1852    i.TIM_SetIC2Prescaler  stm32f10x_tim.o
    0x08001fbe   0x00000012   Code   RO         1853    i.TIM_SetIC3Prescaler  stm32f10x_tim.o
    0x08001fd0   0x0000001a   Code   RO         1854    i.TIM_SetIC4Prescaler  stm32f10x_tim.o
    0x08001fea   0x00000002   PAD
    0x08001fec   0x000000a4   Code   RO         1856    i.TIM_TimeBaseInit  stm32f10x_tim.o
    0x08002090   0x00000012   Code   RO         1857    i.TIM_TimeBaseStructInit  stm32f10x_tim.o
    0x080020a2   0x00000002   PAD
    0x080020a4   0x000000b8   Code   RO          277    i.USART1_Bluetooth_Init  bluetooth.o
    0x0800215c   0x00000124   Code   RO          278    i.USART1_IRQHandler  bluetooth.o
    0x08002280   0x00000012   Code   RO         2317    i.USART_ClearFlag   stm32f10x_usart.o
    0x08002292   0x00000018   Code   RO         2321    i.USART_Cmd         stm32f10x_usart.o
    0x080022aa   0x0000001a   Code   RO         2324    i.USART_GetFlagStatus  stm32f10x_usart.o
    0x080022c4   0x00000054   Code   RO         2325    i.USART_GetITStatus  stm32f10x_usart.o
    0x08002318   0x0000004a   Code   RO         2327    i.USART_ITConfig    stm32f10x_usart.o
    0x08002362   0x00000002   PAD
    0x08002364   0x000000d8   Code   RO         2328    i.USART_Init        stm32f10x_usart.o
    0x0800243c   0x0000000a   Code   RO         2335    i.USART_ReceiveData  stm32f10x_usart.o
    0x08002446   0x00000008   Code   RO         2338    i.USART_SendData    stm32f10x_usart.o
    0x0800244e   0x0000001e   Code   RO          280    i.Usart_SendByte    bluetooth.o
    0x0800246c   0x00000020   Code   RO         3142    i.__0printf         mc_w.l(printfa.o)
    0x0800248c   0x0000000e   Code   RO         3226    i.__scatterload_copy  mc_w.l(handlers.o)
    0x0800249a   0x00000002   Code   RO         3227    i.__scatterload_null  mc_w.l(handlers.o)
    0x0800249c   0x0000000e   Code   RO         3228    i.__scatterload_zeroinit  mc_w.l(handlers.o)
    0x080024aa   0x00000002   PAD
    0x080024ac   0x00000164   Code   RO         3149    i._fp_digits        mc_w.l(printfa.o)
    0x08002610   0x000006dc   Code   RO         3150    i._printf_core      mc_w.l(printfa.o)
    0x08002cec   0x00000024   Code   RO         3151    i._printf_post_padding  mc_w.l(printfa.o)
    0x08002d10   0x0000002e   Code   RO         3152    i._printf_pre_padding  mc_w.l(printfa.o)
    0x08002d3e   0x00000002   PAD
    0x08002d40   0x00000090   Code   RO         2548    i.check_fs          ff.o
    0x08002dd0   0x0000003a   Code   RO         2497    i.disk_initialize   diskio.o
    0x08002e0a   0x00000042   Code   RO         2498    i.disk_ioctl        diskio.o
    0x08002e4c   0x00000042   Code   RO         2499    i.disk_read         diskio.o
    0x08002e8e   0x00000030   Code   RO         2500    i.disk_status       diskio.o
    0x08002ebe   0x00000050   Code   RO         2501    i.disk_write        diskio.o
    0x08002f0e   0x00000002   PAD
    0x08002f10   0x00000684   Code   RO         2568    i.f_mkfs            ff.o
    0x08003594   0x0000005c   Code   RO         2569    i.f_mount           ff.o
    0x080035f0   0x000001a0   Code   RO          105    i.file_System_Init  main.o
    0x08003790   0x000003d8   Code   RO         2584    i.find_volume       ff.o
    0x08003b68   0x00000024   Code   RO          284    i.fputc             bluetooth.o
    0x08003b8c   0x00000008   Code   RO         2502    i.get_fattime       diskio.o
    0x08003b94   0x0000004a   Code   RO         2590    i.get_ldnumber      ff.o
    0x08003bde   0x00000002   PAD
    0x08003be0   0x00000044   Code   RO          520    i.induction_cooker_contro  cooker.o
    0x08003c24   0x00000038   Code   RO          552    i.jiDianQi_Init     jidianqi.o
    0x08003c5c   0x0000007c   Code   RO          106    i.main              main.o
    0x08003cd8   0x0000001a   Code   RO         2593    i.mem_cpy           ff.o
    0x08003cf2   0x00000014   Code   RO         2594    i.mem_set           ff.o
    0x08003d06   0x00000002   PAD
    0x08003d08   0x0000013c   Code   RO          175    i.motor_revolve     motor.o
    0x08003e44   0x0000004c   Code   RO          176    i.motor_rotate_fan  motor.o
    0x08003e90   0x0000004c   Code   RO          177    i.motor_rotate_zheng  motor.o
    0x08003edc   0x00000034   Code   RO          178    i.motor_stop        motor.o
    0x08003f10   0x00000034   Code   RO         2595    i.move_window       ff.o
    0x08003f44   0x00000052   Code   RO         2603    i.sync_window       ff.o
    0x08003f96   0x00000002   PAD
    0x08003f98   0x00000038   Code   RO          445    i.timer1            system.o
    0x08003fd0   0x00000038   Code   RO          446    i.timer2            system.o
    0x08004008   0x000000b8   Code   RO          447    i.timers_init       system.o
    0x080040c0   0x00000054   Code   RO          553    i.turn_Ji           jidianqi.o
    0x08004114   0x0000003a   Data   RO         2605    .constdata          ff.o
    0x0800414e   0x00000002   PAD
    0x08004150   0x00000020   Data   RO         3224    Region$$Table       anon$$obj.o


    Execution Region ER_RW (Base: 0x20000000, Size: 0x00000058, Max: 0xffffffff, ABSOLUTE)

    Base Addr    Size         Type   Attr      Idx    E Section Name        Object

    0x20000000   0x00000014   Data   RW          108    .data               main.o
    0x20000014   0x00000002   Data   RW          179    .data               motor.o
    0x20000016   0x00000002   PAD
    0x20000018   0x00000004   Data   RW          349    .data               spi_fat_flash.o
    0x2000001c   0x00000016   Data   RW          448    .data               system.o
    0x20000032   0x00000014   Data   RW         1367    .data               stm32f10x_rcc.o
    0x20000046   0x00000002   PAD
    0x20000048   0x0000000a   Data   RW         2606    .data               ff.o
    0x20000052   0x00000002   PAD
    0x20000054   0x00000004   Data   RW         3198    .data               mc_w.l(stdout.o)


    Execution Region ER_ZI (Base: 0x20000058, Size: 0x000025a0, Max: 0xffffffff, ABSOLUTE)

    Base Addr    Size         Type   Attr      Idx    E Section Name        Object

    0x20000058   0x000021a0   Zero   RW          107    .bss                main.o
    0x200021f8   0x00000400   Zero   RW          570    STACK               startup_stm32f10x_hd.o


==============================================================================

Image component sizes


      Code (inc. data)   RO Data    RW Data    ZI Data      Debug   Object Name

       542         50          0          0          0       2820   bluetooth.o
       208         10          0          0          0        832   can.o
       392         24          0          0          0       1907   cooker.o
       326          4          0          0          0       5056   diskio.o
       562         62          0          0          0       2526   encoder.o
      3142         98         58         10          0      14175   ff.o
       140         12          0          0          0       1066   jidianqi.o
         0          0          0          0          0     267784   led.o
       540        286          0         20       8608       6442   main.o
       132         22          0          0          0       1415   misc.o
       752         74          0          2          0       3358   motor.o
      1206        162          0          4          0       6649   spi_fat_flash.o
        36          8        304          0       1024        828   startup_stm32f10x_hd.o
       540          6          0          0          0       2280   stm32f10x_can.o
       430          6          0          0          0       3650   stm32f10x_gpio.o
       276         32          0         20          0       4230   stm32f10x_rcc.o
       112          0          0          0          0       3566   stm32f10x_spi.o
      1772        190          0          0          0      17681   stm32f10x_tim.o
       460          6          0          0          0       6307   stm32f10x_usart.o
       672        108          0         22          0       2952   system.o
       328         28          0          0          0       1809   system_stm32f10x.o

    ----------------------------------------------------------------------
     12592       1188        396         84       9632     357333   Object Totals
         0          0         32          0          0          0   (incl. Generated)
        24          0          2          6          0          0   (incl. Padding)

    ----------------------------------------------------------------------

      Code (inc. data)   RO Data    RW Data    ZI Data      Debug   Library Member Name

         0          0          0          0          0          0   entry.o
         0          0          0          0          0          0   entry10a.o
         0          0          0          0          0          0   entry11a.o
         8          4          0          0          0          0   entry2.o
         4          0          0          0          0          0   entry5.o
         0          0          0          0          0          0   entry7b.o
         0          0          0          0          0          0   entry8b.o
         8          4          0          0          0          0   entry9a.o
        30          0          0          0          0          0   handlers.o
        36          8          0          0          0         68   init.o
         0          0          0          0          0          0   iusefp.o
        30          0          0          0          0         68   llshl.o
        36          0          0          0          0         68   llsshr.o
        32          0          0          0          0         68   llushr.o
      2226         90          0          0          0        444   printfa.o
         0          0          0          4          0          0   stdout.o
        44          0          0          0          0         80   uidiv.o
        98          0          0          0          0         92   uldiv.o
        48          0          0          0          0         68   cdrcmple.o
       334          0          0          0          0        148   dadd.o
       222          0          0          0          0        100   ddiv.o
       186          0          0          0          0        176   depilogue.o
        48          0          0          0          0         68   dfixul.o
       228          0          0          0          0         96   dmul.o
        40          0          0          0          0         68   ffixui.o
       100          0          0          0          0         76   fmul.o

    ----------------------------------------------------------------------
      3764        106          0          4          0       1688   Library Totals
         6          0          0          0          0          0   (incl. Padding)

    ----------------------------------------------------------------------

      Code (inc. data)   RO Data    RW Data    ZI Data      Debug   Library Name

      2552        106          0          4          0        888   mc_w.l
      1206          0          0          0          0        800   mf_w.l

    ----------------------------------------------------------------------
      3764        106          0          4          0       1688   Library Totals

    ----------------------------------------------------------------------

==============================================================================


      Code (inc. data)   RO Data    RW Data    ZI Data      Debug   

     16356       1294        396         88       9632     352725   Grand Totals
     16356       1294        396         88       9632     352725   ELF Image Totals
     16356       1294        396         88          0          0   ROM Totals

==============================================================================

    Total RO  Size (Code + RO Data)                16752 (  16.36kB)
    Total RW  Size (RW Data + ZI Data)              9720 (   9.49kB)
    Total ROM Size (Code + RO Data + RW Data)      16840 (  16.45kB)

==============================================================================

